Microchip MPLAB XC8 Compiler V1.20 ()

Linker command line:

-W-3 --edf=C:\Program Files\Microchip\xc8\v1.20\dat\en_msgs.txt -cs \
  -h+dist/PIC16F1459/production\MPLAB.X.production.sym \
  --cmf=dist/PIC16F1459/production\MPLAB.X.production.cmf -z -Q16F1459 \
  -oC:\DOCUME~1\Pervakov\LOCALS~1\Temp\s100.6 \
  -Mdist/PIC16F1459/production/MPLAB.X.production.map -E1 -ver=XC8 \
  -ACONST=00h-0FFhx32 -ACODE=00h-07FFhx4 -ASTRCODE=00h-01FFFh \
  -AENTRY=00h-0FFhx32 -ASTRING=00h-0FFhx32 -ACOMMON=070h-07Fh \
  -ABANK0=020h-06Fh -ABANK1=0A0h-0EFh -ABANK2=0120h-016Fh \
  -ABANK3=01A0h-01EFh -ABANK4=0220h-026Fh -ABANK5=02A0h-02EFh \
  -ABANK6=0320h-036Fh -ABANK7=03A0h-03EFh -ABANK8=0420h-046Fh \
  -ABANK9=04A0h-04EFh -ABANK10=0520h-056Fh -ABANK11=05A0h-05EFh \
  -ABANK12=0620h-064Fh -ABIGRAM=02000h-023EFh \
  -ARAM=020h-06Fh,0A0h-0EFh,0120h-016Fh,01A0h-01EFh,0220h-026Fh,02A0h-02EFh,0320h-036Fh,03A0h-03EFh,0420h-046Fh,04A0h-04EFh,0520h-056Fh,05A0h-05EFh,0620h-064Fh \
  -AABS1=020h-07Fh,0A0h-0EFh,0120h-016Fh,01A0h-01EFh,0220h-026Fh,02A0h-02EFh,0320h-036Fh,03A0h-03EFh,0420h-046Fh,04A0h-04EFh,0520h-056Fh,05A0h-05EFh,0620h-064Fh \
  -ASFR0=00h-01Fh -ASFR1=080h-09Fh -ASFR2=0100h-011Fh -ASFR3=0180h-019Fh \
  -ASFR4=0200h-021Fh -ASFR5=0280h-029Fh -ASFR6=0300h-031Fh \
  -ASFR7=0380h-039Fh -ASFR8=0400h-041Fh -ASFR9=0480h-049Fh \
  -ASFR10=0500h-051Fh -ASFR11=0580h-059Fh -ASFR12=0600h-061Fh \
  -ASFR13=0680h-06EFh -ASFR14=0700h-076Fh -ASFR15=0780h-07EFh \
  -ASFR16=0800h-086Fh -ASFR17=0880h-08EFh -ASFR18=0900h-096Fh \
  -ASFR19=0980h-09EFh -ASFR20=0A00h-0A6Fh -ASFR21=0A80h-0AEFh \
  -ASFR22=0B00h-0B6Fh -ASFR23=0B80h-0BEFh -ASFR24=0C00h-0C6Fh \
  -ASFR25=0C80h-0CEFh -ASFR26=0D00h-0D6Fh -ASFR27=0D80h-0DEFh \
  -ASFR28=0E00h-0E6Fh -ASFR29=0E80h-0EEFh -ASFR30=0F00h-0F6Fh \
  -ASFR31=0F80h-0FEFh -preset_vec=00h,intentry=04h,init,end_init \
  -ppowerup=CODE -pfunctab=CODE -ACONFIG=08007h-08008h -pconfig=CONFIG \
  -DCONFIG=2 -AIDLOC=08000h-08003h -pidloc=IDLOC -DIDLOC=2 -DCODE=2 \
  -DSTRCODE=2 -DSTRING=2 -DCONST=2 -DENTRY=2 -k \
  C:\DOCUME~1\Pervakov\LOCALS~1\Temp\s100.obj \
  dist/PIC16F1459/production\MPLAB.X.production.obj 

Object code version is 3.11

Machine type is 16F1459



                Name                               Link     Load   Length Selector   Space Scale
C:\DOCUME~1\Pervakov\LOCALS~1\Temp\s100.obj
                end_init                              B        B        2        8       0
                reset_vec                             0        0        2        0       0
                config                             8007     8007        2    1000E       0
dist/PIC16F1459/production\MPLAB.X.production.obj
                intentry                              4        4        7        8       0
                text52                              A49      A49       36     1492       0
                text51                              9BC      9BC       2F     1378       0
                text50                              3E7      3E7       DD      7CE       0
                text49                              894      894       16     1128       0
                text48                              B2D      B2D       4C     165A       0
                text47                              4C4      4C4       BA      7CE       0
                text46                              C63      C63       53     18C6       0
                text45                              832      832        E     1064       0
                text44                             17E0     17E0        A     2FC0       0
                text43                              8DC      8DC       1C     11B8       0
                text42                              8F8      8F8       1D     11F0       0
                text41                             17EA     17EA        B     2FD4       0
                text40                             17F5     17F5        B     2FEA       0
                text39                              8C2      8C2       1A     1184       0
                text38                             17CA     17CA        5     2F94       0
                text37                              86E      86E       13     10DC       0
                text36                              2F7      2F7        7        8       0
                text35                             17CF     17CF        5     2F9E       0
                text34                             17C7     17C7        3     2F8E       0
                text33                              827      827        B     104E       0
                text32                              9EB      9EB       2F     13D6       0
                swtext2                             81A      81A        C     1000       0
                text31                              75A      75A       87      7CE       0
                text30                              57E      57E       AE      7CE       0
                text29                              2BA      2BA       3D        8       0
                text28                              971      971       25     12E2       0
                text27                              AF2      AF2       3B     15E4       0
                text26                              881      881       13     1102       0
                text25                              840      840        E     1080       0
                text24                              84E      84E        E     109C       0
                text23                              C14      C14       4F     1828       0
                text22                              D6C      D6C       62     1AD8       0
                text21                              A7F      A7F       39     14FE       0
                text20                              950      950       21     12A0       0
                text19                              915      915       1D     122A       0
                text18                              8AA      8AA       18     1154       0
                text17                              996      996       26     132C       0
                text16                              DCE      DCE       67     1B9C       0
                text15                              EA4      EA4       71     1D48       0
                text14                              CB6      CB6       57     196C       0
                text13                              234      234       86        8       0
                text12                              7E1      7E1       1F      7CE       0
                text11                              6CB      6CB       8F      7CE       0
                text10                              F87      F87       79     1F0E       0
                text9                               B79      B79       4D     16F2       0
                text8                                 D        D      12D        8       0
                swtext1                             800      800       1A     1000       0
                text7                               D0D      D0D       5F     1A1A       0
                text6                               BC6      BC6       4E     178C       0
                text5                               62C      62C       9F      7CE       0
                text4                               A1A      A1A       2F     1434       0
                text3                               E35      E35       6F     1C6A       0
                text2                               F15      F15       72     1E2A       0
                text1                               13A      13A       FA        8       0
                maintext                            932      932       1E     1264       0
                cstackBANK0                          60       60       10       60       1
                cstackCOMMON                         70       70        C       70       1
                cstackBANK1                          E0       E0        E       E0       1
                cstackBANK4                         263      263        6      220       1
                inittext                           17D4     17D4        6     2FA8       0
                clrtext                            17DA     17DA        6     2FB4       0
                bssBANK6                            320      320       40      320       1
                bssBANK5                            2A0      2A0       40      2A0       1
                dataBANK4                           251      251       12      220       1
                bssBANK4                            220      220       31      220       1
                bssBANK3                            1A0      1A0       4B      1A0       1
                bssBANK2                            160      160       10      160       1
                bssBANK1                             EE       EE        2       E0       1
                bssCOMMON                            7C       7C        1       70       1
                cinit                               AB8      AB8       3A     1570       0
                strings                             300      300       E7      600       0
                idataBANK4                          85C      85C       12     10B8       0

TOTAL           Name                               Link     Load   Length     Space
        CLASS   CONST          
                swtext2                             81A      81A        C         0
                swtext1                             800      800       1A         0

        CLASS   CODE           
                end_init                              B        B        2         0
                intentry                              4        4        7         0
                reset_vec                             0        0        2         0
                text52                              A49      A49       36         0
                text51                              9BC      9BC       2F         0
                text50                              3E7      3E7       DD         0
                text49                              894      894       16         0
                text48                              B2D      B2D       4C         0
                text47                              4C4      4C4       BA         0
                text46                              C63      C63       53         0
                text45                              832      832        E         0
                text44                             17E0     17E0        A         0
                text43                              8DC      8DC       1C         0
                text42                              8F8      8F8       1D         0
                text41                             17EA     17EA        B         0
                text40                             17F5     17F5        B         0
                text39                              8C2      8C2       1A         0
                text38                             17CA     17CA        5         0
                text37                              86E      86E       13         0
                text36                              2F7      2F7        7         0
                text35                             17CF     17CF        5         0
                text34                             17C7     17C7        3         0
                text33                              827      827        B         0
                text32                              9EB      9EB       2F         0
                text31                              75A      75A       87         0
                text30                              57E      57E       AE         0
                text29                              2BA      2BA       3D         0
                text28                              971      971       25         0
                text27                              AF2      AF2       3B         0
                text26                              881      881       13         0
                text25                              840      840        E         0
                text24                              84E      84E        E         0
                text23                              C14      C14       4F         0
                text22                              D6C      D6C       62         0
                text21                              A7F      A7F       39         0
                text20                              950      950       21         0
                text19                              915      915       1D         0
                text18                              8AA      8AA       18         0
                text17                              996      996       26         0
                text16                              DCE      DCE       67         0
                text15                              EA4      EA4       71         0
                text14                              CB6      CB6       57         0
                text13                              234      234       86         0
                text12                              7E1      7E1       1F         0
                text11                              6CB      6CB       8F         0
                text10                              F87      F87       79         0
                text9                               B79      B79       4D         0
                text8                                 D        D      12D         0
                text7                               D0D      D0D       5F         0
                text6                               BC6      BC6       4E         0
                text5                               62C      62C       9F         0
                text4                               A1A      A1A       2F         0
                text3                               E35      E35       6F         0
                text2                               F15      F15       72         0
                text1                               13A      13A       FA         0
                maintext                            932      932       1E         0
                inittext                           17D4     17D4        6         0
                clrtext                            17DA     17DA        6         0
                cinit                               AB8      AB8       3A         0
                idataBANK4                          85C      85C       12         0

        CLASS   STRCODE        

        CLASS   ENTRY          

        CLASS   STRING         
                strings                             300      300       E7         0

        CLASS   COMMON         
                cstackCOMMON                         70       70        C         1
                bssCOMMON                            7C       7C        1         1

        CLASS   BANK0          
                cstackBANK0                          60       60       10         1

        CLASS   BANK1          
                cstackBANK1                          E0       E0        E         1
                bssBANK1                             EE       EE        2         1

        CLASS   BANK2          
                bssBANK2                            160      160       10         1

        CLASS   BANK3          
                bssBANK3                            1A0      1A0       4B         1

        CLASS   BANK4          
                cstackBANK4                         263      263        6         1
                dataBANK4                           251      251       12         1
                bssBANK4                            220      220       31         1

        CLASS   BANK5          
                bssBANK5                            2A0      2A0       40         1

        CLASS   BANK6          
                bssBANK6                            320      320       40         1

        CLASS   BANK7          

        CLASS   BANK8          

        CLASS   BANK9          

        CLASS   BANK10         

        CLASS   BANK11         

        CLASS   BANK12         

        CLASS   BIGRAM         

        CLASS   RAM            

        CLASS   ABS1           
                abs_s1                               20       20       40         1
                abs_s1                               7E       7E        2         1
                abs_s1                               A0       A0       40         1
                abs_s1                              120      120       40         1

        CLASS   SFR0           

        CLASS   SFR1           

        CLASS   SFR2           

        CLASS   SFR3           

        CLASS   SFR4           

        CLASS   SFR5           

        CLASS   SFR6           

        CLASS   SFR7           

        CLASS   SFR8           

        CLASS   SFR9           

        CLASS   SFR10          

        CLASS   SFR11          

        CLASS   SFR12          

        CLASS   SFR13          

        CLASS   SFR14          

        CLASS   SFR15          

        CLASS   SFR16          

        CLASS   SFR17          

        CLASS   SFR18          

        CLASS   SFR19          

        CLASS   SFR20          

        CLASS   SFR21          

        CLASS   SFR22          

        CLASS   SFR23          

        CLASS   SFR24          

        CLASS   SFR25          

        CLASS   SFR26          

        CLASS   SFR27          

        CLASS   SFR28          

        CLASS   SFR29          

        CLASS   SFR30          

        CLASS   SFR31          

        CLASS   CONFIG         
                config                             8007     8007        2         0

        CLASS   IDLOC          

        CLASS   BANK31         

        CLASS   BANK30         

        CLASS   BANK29         

        CLASS   BANK28         

        CLASS   BANK27         

        CLASS   BANK26         

        CLASS   BANK25         

        CLASS   BANK24         

        CLASS   BANK23         

        CLASS   BANK22         

        CLASS   BANK21         

        CLASS   BANK20         

        CLASS   BANK19         

        CLASS   BANK18         

        CLASS   BANK17         

        CLASS   BANK16         

        CLASS   BANK15         

        CLASS   BANK14         

        CLASS   BANK13         

        CLASS   EEDATA         



SEGMENTS        Name                           Load    Length   Top    Selector   Space  Class     Delta

                reset_vec                      000000  000002  000002         0       0  CODE        2
                intentry                       000004  0002FA  0002FE         8       0  CODE        2
                cstackBANK0                    000060  000010  000070        60       1  BANK0       1
                cstackCOMMON                   000070  00000D  00007D        70       1  COMMON      1
                cstackBANK1                    0000E0  000010  0000F0        E0       1  BANK1       1
                bssBANK2                       000160  000010  000170       160       1  BANK2       1
                bssBANK3                       0001A0  00004B  0001EB       1A0       1  BANK3       1
                bssBANK4                       000220  000049  000269       220       1  BANK4       1
                bssBANK5                       0002A0  000040  0002E0       2A0       1  BANK5       1
                bssBANK6                       000320  000040  000360       320       1  BANK6       1
                strings                        000300  0000E7  0003E7       600       0  STRING      2
                text50                         0003E7  000419  000800       7CE       0  CODE        2
                swtext1                        000800  000026  000826      1000       0  CONST       2
                text33                         000827  00000B  000832      104E       0  CODE        2
                text45                         000832  00000E  000840      1064       0  CODE        2
                text25                         000840  00000E  00084E      1080       0  CODE        2
                text24                         00084E  00000E  00085C      109C       0  CODE        2
                idataBANK4                     00085C  000012  00086E      10B8       0  CODE        2
                text37                         00086E  000013  000881      10DC       0  CODE        2
                text26                         000881  000013  000894      1102       0  CODE        2
                text49                         000894  000016  0008AA      1128       0  CODE        2
                text18                         0008AA  000018  0008C2      1154       0  CODE        2
                text39                         0008C2  00001A  0008DC      1184       0  CODE        2
                text43                         0008DC  00001C  0008F8      11B8       0  CODE        2
                text42                         0008F8  00001D  000915      11F0       0  CODE        2
                text19                         000915  00001D  000932      122A       0  CODE        2
                maintext                       000932  00001E  000950      1264       0  CODE        2
                text20                         000950  000021  000971      12A0       0  CODE        2
                text28                         000971  000025  000996      12E2       0  CODE        2
                text17                         000996  000026  0009BC      132C       0  CODE        2
                text51                         0009BC  00002F  0009EB      1378       0  CODE        2
                text32                         0009EB  00002F  000A1A      13D6       0  CODE        2
                text4                          000A1A  00002F  000A49      1434       0  CODE        2
                text52                         000A49  000036  000A7F      1492       0  CODE        2
                text21                         000A7F  000039  000AB8      14FE       0  CODE        2
                cinit                          000AB8  00003A  000AF2      1570       0  CODE        2
                text27                         000AF2  00003B  000B2D      15E4       0  CODE        2
                text48                         000B2D  00004C  000B79      165A       0  CODE        2
                text9                          000B79  00004D  000BC6      16F2       0  CODE        2
                text6                          000BC6  00004E  000C14      178C       0  CODE        2
                text23                         000C14  00004F  000C63      1828       0  CODE        2
                text46                         000C63  000053  000CB6      18C6       0  CODE        2
                text14                         000CB6  000057  000D0D      196C       0  CODE        2
                text7                          000D0D  00005F  000D6C      1A1A       0  CODE        2
                text22                         000D6C  000062  000DCE      1AD8       0  CODE        2
                text16                         000DCE  000067  000E35      1B9C       0  CODE        2
                text3                          000E35  00006F  000EA4      1C6A       0  CODE        2
                text15                         000EA4  000071  000F15      1D48       0  CODE        2
                text2                          000F15  000072  000F87      1E2A       0  CODE        2
                text10                         000F87  000079  001000      1F0E       0  CODE        2
                text34                         0017C7  000003  0017CA      2F8E       0  CODE        2
                text38                         0017CA  000005  0017CF      2F94       0  CODE        2
                text35                         0017CF  000005  0017D4      2F9E       0  CODE        2
                inittext                       0017D4  000006  0017DA      2FA8       0  CODE        2
                clrtext                        0017DA  000006  0017E0      2FB4       0  CODE        2
                text44                         0017E0  00000A  0017EA      2FC0       0  CODE        2
                text41                         0017EA  00000B  0017F5      2FD4       0  CODE        2
                text40                         0017F5  00000B  001800      2FEA       0  CODE        2
                config                         008007  000002  008009     1000E       0  CONFIG      2


UNUSED ADDRESS RANGES

        Name                Unused          Largest block    Delta
        BANK10           00520-0056F              50           1
        BANK11           005A0-005EF              50           1
        BANK12           00620-0064F              30           1
        BANK3            001EB-001EF               5           1
        BANK4            00269-0026F               7           1
        BANK5            002E0-002EF              10           1
        BANK6            00360-0036F              10           1
        BANK7            003A0-003EF              50           1
        BANK8            00420-0046F              50           1
        BANK9            004A0-004EF              50           1
        BIGRAM           02000-023EF             3F0           1
        CODE             00002-00003               2           2
                         002FE-002FF               2
                         00826-00826               1
                         01000-017C6             7C7
                         01800-01FFF             800
        COMMON           0007D-0007D               1           1
        CONST            00002-00003               2           2
                         002FE-002FF               2
                         00826-00826               1
                         01000-017C6             100
                         01800-01FFF             100
        ENTRY            00002-00003               2           2
                         002FE-002FF               2
                         00826-00826               1
                         01000-017C6             100
                         01800-01FFF             100
        IDLOC            08000-08003               4           2
        RAM              001EB-001EF               5           1
                         00269-0026F               7
                         002E0-002EF              10
                         00360-0036F              10
                         003A0-003EF              50
                         00420-0046F              50
                         004A0-004EF              50
                         00520-0056F              50
                         005A0-005EF              50
                         00620-0064F              30
        SFR0             00000-0001F              20           1
        SFR1             00080-0009F              20           1
        SFR10            00500-0051F              20           1
        SFR11            00580-0059F              20           1
        SFR12            00600-0061F              20           1
        SFR13            00680-006EF              70           1
        SFR14            00700-0076F              70           1
        SFR15            00780-007EF              70           1
        SFR16            00800-0086F              70           1
        SFR17            00880-008EF              70           1
        SFR18            00900-0096F              70           1
        SFR19            00980-009EF              70           1
        SFR2             00100-0011F              20           1
        SFR20            00A00-00A6F              70           1
        SFR21            00A80-00AEF              70           1
        SFR22            00B00-00B6F              70           1
        SFR23            00B80-00BEF              70           1
        SFR24            00C00-00C6F              70           1
        SFR25            00C80-00CEF              70           1
        SFR26            00D00-00D6F              70           1
        SFR27            00D80-00DEF              70           1
        SFR28            00E00-00E6F              70           1
        SFR29            00E80-00EEF              70           1
        SFR3             00180-0019F              20           1
        SFR30            00F00-00F6F              70           1
        SFR31            00F80-00FEF              70           1
        SFR4             00200-0021F              20           1
        SFR5             00280-0029F              20           1
        SFR6             00300-0031F              20           1
        SFR7             00380-0039F              20           1
        SFR8             00400-0041F              20           1
        SFR9             00480-0049F              20           1
        STRCODE          00002-00003               2           2
                         002FE-002FF               2
                         00826-00826               1
                         01000-017C6             7C7
                         01800-01FFF             800
        STRING           00002-00003               2           2
                         002FE-002FF               2
                         00826-00826               1
                         01000-017C6             100
                         01800-01FFF             100

                                  Symbol Table

?_USBConfigureEndpoint                     cstackCOMMON 00071
?_USBEnableEndpoint                        cstackCOMMON 00078
?_USBTransferOnePacket                     cstackCOMMON 00071
?_USER_USB_CALLBACK_EVENT_HANDLER          cstackBANK0  00065
?___lwdiv                                  cstackCOMMON 00071
?___lwmod                                  cstackBANK0  00060
?_memset                                   cstackCOMMON 00071
?_process_level                            cstackCOMMON 00071
?_putUSBUSART                              cstackCOMMON 00071
?_set_clock_and_data                       cstackCOMMON 00071
?_sprintf                                  cstackBANK0  00064
?_store_key_level                          cstackCOMMON 00075
APP_DeviceCDCBasicDemoTasks@numBytesRead   cstackBANK0  0006B
APP_DeviceCDCBasicDemoTasks@numberChADC    bssBANK2     00163
APP_DeviceCDCBasicDemoTasks@temp_level     cstackBANK0  0006C
APP_LEDUpdateUSBStatus@ledCount            bssBANK3     001B7
BUTTON_Enable@button                       cstackCOMMON 00071
CDCTxService@byte_to_send                  cstackBANK0  00063
CDCTxService@i                             cstackBANK0  00062
LED_Enable@led                             cstackCOMMON 00071
LED_Off@led                                cstackCOMMON 00071
LED_On@led                                 cstackCOMMON 00071
SYSTEM_Initialize@state                    cstackCOMMON 00072
USBConfigureEndpoint@EPNum                 cstackCOMMON 00076
USBConfigureEndpoint@direction             cstackCOMMON 00071
USBConfigureEndpoint@handle                cstackCOMMON 00077
USBCtrlEPService@setup_cnt                 cstackBANK1  000E9
USBCtrlTrfInHandler@lastDTS                cstackCOMMON 00076
USBCtrlTrfRxService@byteToRead             cstackCOMMON 00076
USBCtrlTrfRxService@i                      cstackCOMMON 00075
USBCtrlTrfTxService@byteToSend             cstackCOMMON 00073
USBDeviceInit@i                            cstackCOMMON 00076
USBDeviceInit@i_1489                       cstackCOMMON 00075
USBDeviceInit@p                            cstackCOMMON 00073
USBDeviceTasks@i                           cstackBANK1  000EC
USBEnableEndpoint@ep                       cstackBANK0  00062
USBEnableEndpoint@options                  cstackCOMMON 00078
USBEnableEndpoint@p                        cstackBANK0  00060
USBStdFeatureReqHandler@current_ep_data    cstackBANK1  000E2
USBStdFeatureReqHandler@p                  cstackBANK1  000E3
USBStdFeatureReqHandler@pUEP               cstackBANK1  000E0
USBStdGetStatusHandler@p                   cstackCOMMON 00072
USBStdSetCfgHandler@i                      cstackBANK0  0006F
USBStdSetCfgHandler@i_1819                 cstackBANK0  0006E
USBStdSetCfgHandler@p                      cstackBANK0  0006C
USBTransferOnePacket@data                  cstackCOMMON 00072
USBTransferOnePacket@dir                   cstackCOMMON 00071
USBTransferOnePacket@ep                    cstackCOMMON 00077
USBTransferOnePacket@handle                cstackCOMMON 00078
USBTransferOnePacket@len                   cstackCOMMON 00074
USER_USB_CALLBACK_EVENT_HANDLER@event      cstackBANK0  00065
_ACTCON                                    (abs)        0039B
_ADCON0                                    (abs)        0009D
_ADCON0bits                                (abs)        0009D
_ADCON1                                    (abs)        0009E
_ADCON1bits                                (abs)        0009E
_ADCON2                                    (abs)        0009F
_ADCON2bits                                (abs)        0009F
_ADRESH                                    (abs)        0009C
_ADRESL                                    (abs)        0009B
_ANSELA                                    (abs)        0018C
_ANSELAbits                                (abs)        0018C
_ANSELBbits                                (abs)        0018D
_ANSELCbits                                (abs)        0018E
_APP_DeviceCDCBasicDemoInitialize          text26       00881
_APP_DeviceCDCBasicDemoTasks               text46       00C63
_APP_LEDUpdateUSBStatus                    text23       00C14
_BDT                                       (abs)        00020
_BUTTON_Enable                             text44       017E0
_BaudRateGen                               bssBANK3     001A6
_BothEP0OutUOWNsSet                        bssBANK3     001C1
_CDCDataInHandle                           bssBANK3     001C2
_CDCDataOutHandle                          bssBANK2     00164
_CDCInitEP                                 text27       00AF2
_CDCTxService                              text47       004C4
_CDCTxService$2388                         cstackBANK0  00060
_CtrlTrfData                               (abs)        00058
_INTCONbits                                (abs)        0000B
_LATCbits                                  (abs)        0010E
_LED_Enable                                text45       00832
_LED_Off                                   text25       00840
_LED_On                                    text24       0084E
_OPTION_REGbits                            (abs)        00095
_OSCCON                                    (abs)        00099
_PIE1bits                                  (abs)        00091
_PIE2bits                                  (abs)        00092
_PIR2bits                                  (abs)        00012
_PORTAbits                                 (abs)        0000C
_RemoteWakeup                              bssBANK3     001C3
_SYSTEM_Initialize                         text43       008DC
_SYS_InterruptHigh                         intentry     00004
_SetupPkt                                  (abs)        00050
_TMR0                                      (abs)        00015
_TRISAbits                                 (abs)        0008C
_TRISBbits                                 (abs)        0008D
_TRISCbits                                 (abs)        0008E
_UADDR                                     (abs)        00E96
_UCFG                                      (abs)        00E91
_UCON                                      (abs)        00E8E
_UCONbits                                  (abs)        00E8E
_UEIE                                      (abs)        00E97
_UEIR                                      (abs)        00E93
_UEP0                                      (abs)        00E98
_UEP0bits                                  (abs)        00E98
_UEP1                                      (abs)        00E99
_UIE                                       (abs)        00E92
_UIEbits                                   (abs)        00E92
_UIR                                       (abs)        00E90
_UIRbits                                   (abs)        00E90
_USB1msTickCount                           bssBANK3     001AA
_USBActiveConfiguration                    bssBANK3     001EA
_USBAlternateInterface                     bssBANK3     001E8
_USBBusIsSuspended                         bssBANK3     001C4
_USBCheckCDCRequest                        text22       00D6C
_USBCheckStdRequest                        text7        00D0D
_USBConfigureEndpoint                      text29       002BA
_USBCtrlEPAllowDataStage                   text14       00CB6
_USBCtrlEPAllowStatusStage                 text16       00DCE
_USBCtrlEPService                          text2        00F15
_USBCtrlEPServiceComplete                  text13       00234
_USBCtrlTrfInHandler                       text3        00E35
_USBCtrlTrfOutHandler                      text4        00A1A
_USBCtrlTrfRxService                       text5        0062C
_USBCtrlTrfSetupHandler                    text6        00BC6
_USBCtrlTrfTxService                       text15       00EA4
_USBDeferINDataStagePackets                bssBANK3     001C5
_USBDeferOUTDataStagePackets               bssBANK3     001C6
_USBDeferStatusStagePacket                 bssBANK2     00165
_USBDeviceInit                             text30       0057E
_USBDeviceState                            bssBANK2     00166
_USBDeviceTasks                            text1        0013A
_USBEnableEndpoint                         text28       00971
_USBIncrement1msInternalTimers             text18       008AA
_USBStallHandler                           text17       00996
_USBStatusStageEnabledFlag1                bssBANK3     001C7
_USBStatusStageEnabledFlag2                bssBANK3     001C8
_USBStatusStageTimeoutCounter              bssBANK3     001C9
_USBStdFeatureReqHandler                   text8        0000D
_USBStdGetDscHandler                       text10       00F87
_USBStdGetStatusHandler                    text9        00B79
_USBStdSetCfgHandler                       text11       006CB
_USBSuspend                                text19       00915
_USBTicksSinceSuspendEnd                   bssBANK3     001CA
_USBTransferOnePacket                      text48       00B2D
_USBWakeFromSuspend                        text20       00950
_USB_CD_Ptr                                strings      0030E
_USB_SD_Ptr                                strings      0030B
_USER_USB_CALLBACK_EVENT_HANDLER           text21       00A7F
_USTAT                                     (abs)        00E8F
_USTATcopy                                 bssBANK2     0016F
__CFG_BOREN$ON                             (abs)        00000
__CFG_BORV$LO                              (abs)        00000
__CFG_CLKOUTEN$OFF                         (abs)        00000
__CFG_CP$OFF                               (abs)        00000
__CFG_CPUDIV$NOCLKDIV                      (abs)        00000
__CFG_FCMEN$OFF                            (abs)        00000
__CFG_FOSC$INTOSC                          (abs)        00000
__CFG_IESO$OFF                             (abs)        00000
__CFG_LPBOR$OFF                            (abs)        00000
__CFG_LVP$OFF                              (abs)        00000
__CFG_MCLRE$ON                             (abs)        00000
__CFG_PLLEN$ENABLED                        (abs)        00000
__CFG_PLLMULT$3x                           (abs)        00000
__CFG_PWRTE$OFF                            (abs)        00000
__CFG_STVREN$ON                            (abs)        00000
__CFG_USBLSCLK$48MHz                       (abs)        00000
__CFG_WDTE$OFF                             (abs)        00000
__CFG_WRT$OFF                              (abs)        00000
__Habs1                                    abs1         00000
__Hbank0                                   bank0        00000
__Hbank1                                   bank1        00000
__Hbank10                                  bank10       00000
__Hbank11                                  bank11       00000
__Hbank12                                  bank12       00000
__Hbank13                                  bank13       00000
__Hbank14                                  bank14       00000
__Hbank15                                  bank15       00000
__Hbank16                                  bank16       00000
__Hbank17                                  bank17       00000
__Hbank18                                  bank18       00000
__Hbank19                                  bank19       00000
__Hbank2                                   bank2        00000
__Hbank20                                  bank20       00000
__Hbank21                                  bank21       00000
__Hbank22                                  bank22       00000
__Hbank23                                  bank23       00000
__Hbank24                                  bank24       00000
__Hbank25                                  bank25       00000
__Hbank26                                  bank26       00000
__Hbank27                                  bank27       00000
__Hbank28                                  bank28       00000
__Hbank29                                  bank29       00000
__Hbank3                                   bank3        00000
__Hbank30                                  bank30       00000
__Hbank31                                  bank31       00000
__Hbank4                                   bank4        00000
__Hbank5                                   bank5        00000
__Hbank6                                   bank6        00000
__Hbank7                                   bank7        00000
__Hbank8                                   bank8        00000
__Hbank9                                   bank9        00000
__Hbigram                                  bigram       00000
__HbssBANK1                                bssBANK1     00000
__HbssBANK2                                bssBANK2     00000
__HbssBANK3                                bssBANK3     00000
__HbssBANK4                                bssBANK4     00000
__HbssBANK5                                bssBANK5     00000
__HbssBANK6                                bssBANK6     00000
__HbssCOMMON                               bssCOMMON    00000
__Hcinit                                   cinit        00000
__Hclrtext                                 clrtext      00000
__Hcode                                    code         00000
__Hcommon                                  common       00000
__Hconfig                                  config       08009
__HcstackBANK0                             cstackBANK0  00000
__HcstackBANK1                             cstackBANK1  00000
__HcstackBANK4                             cstackBANK4  00000
__HcstackCOMMON                            cstackCOMMON 00000
__HdataBANK4                               dataBANK4    00000
__Heeprom_data                             eeprom_data  00000
__Hend_init                                end_init     0000D
__Hfunctab                                 functab      00000
__HidataBANK4                              idataBANK4   00000
__Hidloc                                   idloc        00000
__Hinit                                    init         0000B
__Hinittext                                inittext     00000
__Hintentry                                intentry     0000B
__Hmaintext                                maintext     00000
__Hpowerup                                 powerup      00000
__Hram                                     ram          00000
__Hreset_vec                               reset_vec    00002
__Hsfr0                                    sfr0         00000
__Hsfr1                                    sfr1         00000
__Hsfr10                                   sfr10        00000
__Hsfr11                                   sfr11        00000
__Hsfr12                                   sfr12        00000
__Hsfr13                                   sfr13        00000
__Hsfr14                                   sfr14        00000
__Hsfr15                                   sfr15        00000
__Hsfr16                                   sfr16        00000
__Hsfr17                                   sfr17        00000
__Hsfr18                                   sfr18        00000
__Hsfr19                                   sfr19        00000
__Hsfr2                                    sfr2         00000
__Hsfr20                                   sfr20        00000
__Hsfr21                                   sfr21        00000
__Hsfr22                                   sfr22        00000
__Hsfr23                                   sfr23        00000
__Hsfr24                                   sfr24        00000
__Hsfr25                                   sfr25        00000
__Hsfr26                                   sfr26        00000
__Hsfr27                                   sfr27        00000
__Hsfr28                                   sfr28        00000
__Hsfr29                                   sfr29        00000
__Hsfr3                                    sfr3         00000
__Hsfr30                                   sfr30        00000
__Hsfr31                                   sfr31        00000
__Hsfr4                                    sfr4         00000
__Hsfr5                                    sfr5         00000
__Hsfr6                                    sfr6         00000
__Hsfr7                                    sfr7         00000
__Hsfr8                                    sfr8         00000
__Hsfr9                                    sfr9         00000
__Hstrings                                 strings      00000
__Htext                                    text         00000
__Labs1                                    abs1         00000
__Lbank0                                   bank0        00000
__Lbank1                                   bank1        00000
__Lbank10                                  bank10       00000
__Lbank11                                  bank11       00000
__Lbank12                                  bank12       00000
__Lbank13                                  bank13       00000
__Lbank14                                  bank14       00000
__Lbank15                                  bank15       00000
__Lbank16                                  bank16       00000
__Lbank17                                  bank17       00000
__Lbank18                                  bank18       00000
__Lbank19                                  bank19       00000
__Lbank2                                   bank2        00000
__Lbank20                                  bank20       00000
__Lbank21                                  bank21       00000
__Lbank22                                  bank22       00000
__Lbank23                                  bank23       00000
__Lbank24                                  bank24       00000
__Lbank25                                  bank25       00000
__Lbank26                                  bank26       00000
__Lbank27                                  bank27       00000
__Lbank28                                  bank28       00000
__Lbank29                                  bank29       00000
__Lbank3                                   bank3        00000
__Lbank30                                  bank30       00000
__Lbank31                                  bank31       00000
__Lbank4                                   bank4        00000
__Lbank5                                   bank5        00000
__Lbank6                                   bank6        00000
__Lbank7                                   bank7        00000
__Lbank8                                   bank8        00000
__Lbank9                                   bank9        00000
__Lbigram                                  bigram       00000
__LbssBANK1                                bssBANK1     00000
__LbssBANK2                                bssBANK2     00000
__LbssBANK3                                bssBANK3     00000
__LbssBANK4                                bssBANK4     00000
__LbssBANK5                                bssBANK5     00000
__LbssBANK6                                bssBANK6     00000
__LbssCOMMON                               bssCOMMON    00000
__Lcinit                                   cinit        00000
__Lclrtext                                 clrtext      00000
__Lcode                                    code         00000
__Lcommon                                  common       00000
__Lconfig                                  config       08007
__LcstackBANK0                             cstackBANK0  00000
__LcstackBANK1                             cstackBANK1  00000
__LcstackBANK4                             cstackBANK4  00000
__LcstackCOMMON                            cstackCOMMON 00000
__LdataBANK4                               dataBANK4    00000
__Leeprom_data                             eeprom_data  00000
__Lend_init                                end_init     0000B
__Lfunctab                                 functab      00000
__LidataBANK4                              idataBANK4   00000
__Lidloc                                   idloc        00000
__Linit                                    init         0000B
__Linittext                                inittext     00000
__Lintentry                                intentry     00004
__Lmaintext                                maintext     00000
__Lpowerup                                 powerup      00000
__Lram                                     ram          00000
__Lreset_vec                               reset_vec    00000
__Lsfr0                                    sfr0         00000
__Lsfr1                                    sfr1         00000
__Lsfr10                                   sfr10        00000
__Lsfr11                                   sfr11        00000
__Lsfr12                                   sfr12        00000
__Lsfr13                                   sfr13        00000
__Lsfr14                                   sfr14        00000
__Lsfr15                                   sfr15        00000
__Lsfr16                                   sfr16        00000
__Lsfr17                                   sfr17        00000
__Lsfr18                                   sfr18        00000
__Lsfr19                                   sfr19        00000
__Lsfr2                                    sfr2         00000
__Lsfr20                                   sfr20        00000
__Lsfr21                                   sfr21        00000
__Lsfr22                                   sfr22        00000
__Lsfr23                                   sfr23        00000
__Lsfr24                                   sfr24        00000
__Lsfr25                                   sfr25        00000
__Lsfr26                                   sfr26        00000
__Lsfr27                                   sfr27        00000
__Lsfr28                                   sfr28        00000
__Lsfr29                                   sfr29        00000
__Lsfr3                                    sfr3         00000
__Lsfr30                                   sfr30        00000
__Lsfr31                                   sfr31        00000
__Lsfr4                                    sfr4         00000
__Lsfr5                                    sfr5         00000
__Lsfr6                                    sfr6         00000
__Lsfr7                                    sfr7         00000
__Lsfr8                                    sfr8         00000
__Lsfr9                                    sfr9         00000
__Lstrings                                 strings      00000
__Ltext                                    text         00000
__S0                                       (abs)        08009
__S1                                       (abs)        00360
___latbits                                 (abs)        00002
___lwdiv                                   text52       00A49
___lwdiv@counter                           cstackCOMMON 00076
___lwdiv@dividend                          cstackCOMMON 00073
___lwdiv@divisor                           cstackCOMMON 00071
___lwdiv@quotient                          cstackCOMMON 00077
___lwmod                                   text51       009BC
___lwmod@counter                           cstackCOMMON 0007A
___lwmod@dividend                          cstackBANK0  00062
___lwmod@divisor                           cstackBANK0  00060
__end_of_APP_DeviceCDCBasicDemoInitialize  text26       00894
__end_of_APP_DeviceCDCBasicDemoTasks       text46       00CB6
__end_of_APP_LEDUpdateUSBStatus            text23       00C63
__end_of_BUTTON_Enable                     text44       017EA
__end_of_CDCInitEP                         text27       00B2D
__end_of_CDCTxService                      text47       0057E
__end_of_LED_Enable                        text45       00840
__end_of_LED_Off                           text25       0084E
__end_of_LED_On                            text24       0085C
__end_of_SYSTEM_Initialize                 text43       008F8
__end_of_SYS_InterruptHigh                 intentry     0000B
__end_of_USBCheckCDCRequest                text22       00DCE
__end_of_USBCheckStdRequest                text7        00D6C
__end_of_USBConfigureEndpoint              text29       002F7
__end_of_USBCtrlEPAllowDataStage           text14       00D0D
__end_of_USBCtrlEPAllowStatusStage         text16       00E35
__end_of_USBCtrlEPService                  text2        00F87
__end_of_USBCtrlEPServiceComplete          text13       002BA
__end_of_USBCtrlTrfInHandler               text3        00EA4
__end_of_USBCtrlTrfOutHandler              text4        00A49
__end_of_USBCtrlTrfRxService               text5        006CB
__end_of_USBCtrlTrfSetupHandler            text6        00C14
__end_of_USBCtrlTrfTxService               text15       00F15
__end_of_USBDeviceInit                     text30       0062C
__end_of_USBDeviceTasks                    text1        00234
__end_of_USBEnableEndpoint                 text28       00996
__end_of_USBIncrement1msInternalTimers     text18       008C2
__end_of_USBStallHandler                   text17       009BC
__end_of_USBStdFeatureReqHandler           text8        0013A
__end_of_USBStdGetDscHandler               text10       01000
__end_of_USBStdGetStatusHandler            text9        00BC6
__end_of_USBStdSetCfgHandler               text11       0075A
__end_of_USBSuspend                        text19       00932
__end_of_USBTransferOnePacket              text48       00B79
__end_of_USBWakeFromSuspend                text20       00971
__end_of_USB_CD_Ptr                        strings      0030F
__end_of_USB_SD_Ptr                        strings      0030E
__end_of_USER_USB_CALLBACK_EVENT_HANDLER   text21       00AB8
__end_of___lwdiv                           text52       00A7F
__end_of___lwmod                           text51       009EB
__end_of__initialization                   cinit        00AEF
__end_of__stringdata                       strings      003E7
__end_of__stringtab                        strings      00301
__end_of_configDescriptor1                 strings      00352
__end_of_device_dsc                        strings      003CC
__end_of_dpowers                           strings      0030B
__end_of_get_adc                           text34       017CA
__end_of_get_data                          text38       017CF
__end_of_is_adc_ready                      text35       017D4
__end_of_is_end_of_scan                    text37       00881
__end_of_main                              maintext     00950
__end_of_memset                            text12       00800
__end_of_process_level                     text33       00832
__end_of_putUSBUSART                       text49       008AA
__end_of_run_adc                           text36       002FE
__end_of_scan_init                         text42       00915
__end_of_scan_task                         text31       007E1
__end_of_sd000                             strings      003D0
__end_of_sd001                             strings      00386
__end_of_sd002                             strings      003BA
__end_of_set_clock_and_data                text39       008DC
__end_of_set_timer                         text41       017F5
__end_of_sprintf                           text50       004C4
__end_of_store_key_level                   text32       00A1A
__end_of_waiting_for_timer                 text40       01800
__initialization                           cinit        00AB8
__pbssBANK1                                bssBANK1     000EE
__pbssBANK2                                bssBANK2     00160
__pbssBANK3                                bssBANK3     001A0
__pbssBANK4                                bssBANK4     00220
__pbssBANK5                                bssBANK5     002A0
__pbssBANK6                                bssBANK6     00320
__pbssCOMMON                               bssCOMMON    0007C
__pcstackBANK0                             cstackBANK0  00060
__pcstackBANK1                             cstackBANK1  000E0
__pcstackBANK4                             cstackBANK4  00263
__pcstackCOMMON                            cstackCOMMON 00070
__pdataBANK4                               dataBANK4    00251
__pidataBANK4                              idataBANK4   0085C
__pintentry                                intentry     00004
__pmaintext                                maintext     00932
__pstrings                                 strings      00300
__pswtext1                                 swtext1      00800
__pswtext2                                 swtext2      0081A
__ptext1                                   text1        0013A
__ptext10                                  text10       00F87
__ptext11                                  text11       006CB
__ptext12                                  text12       007E1
__ptext13                                  text13       00234
__ptext14                                  text14       00CB6
__ptext15                                  text15       00EA4
__ptext16                                  text16       00DCE
__ptext17                                  text17       00996
__ptext18                                  text18       008AA
__ptext19                                  text19       00915
__ptext2                                   text2        00F15
__ptext20                                  text20       00950
__ptext21                                  text21       00A7F
__ptext22                                  text22       00D6C
__ptext23                                  text23       00C14
__ptext24                                  text24       0084E
__ptext25                                  text25       00840
__ptext26                                  text26       00881
__ptext27                                  text27       00AF2
__ptext28                                  text28       00971
__ptext29                                  text29       002BA
__ptext3                                   text3        00E35
__ptext30                                  text30       0057E
__ptext31                                  text31       0075A
__ptext32                                  text32       009EB
__ptext33                                  text33       00827
__ptext34                                  text34       017C7
__ptext35                                  text35       017CF
__ptext36                                  text36       002F7
__ptext37                                  text37       0086E
__ptext38                                  text38       017CA
__ptext39                                  text39       008C2
__ptext4                                   text4        00A1A
__ptext40                                  text40       017F5
__ptext41                                  text41       017EA
__ptext42                                  text42       008F8
__ptext43                                  text43       008DC
__ptext44                                  text44       017E0
__ptext45                                  text45       00832
__ptext46                                  text46       00C63
__ptext47                                  text47       004C4
__ptext48                                  text48       00B2D
__ptext49                                  text49       00894
__ptext5                                   text5        0062C
__ptext50                                  text50       003E7
__ptext51                                  text51       009BC
__ptext52                                  text52       00A49
__ptext6                                   text6        00BC6
__ptext7                                   text7        00D0D
__ptext8                                   text8        0000D
__ptext9                                   text9        00B79
__size_of_APP_DeviceCDCBasicDemoInitialize (abs)        00000
__size_of_APP_DeviceCDCBasicDemoTasks      (abs)        00000
__size_of_APP_LEDUpdateUSBStatus           (abs)        00000
__size_of_BUTTON_Enable                    (abs)        00000
__size_of_CDCInitEP                        (abs)        00000
__size_of_CDCTxService                     (abs)        00000
__size_of_LED_Enable                       (abs)        00000
__size_of_LED_Off                          (abs)        00000
__size_of_LED_On                           (abs)        00000
__size_of_SYSTEM_Initialize                (abs)        00000
__size_of_SYS_InterruptHigh                (abs)        00000
__size_of_USBCheckCDCRequest               (abs)        00000
__size_of_USBCheckStdRequest               (abs)        00000
__size_of_USBConfigureEndpoint             (abs)        00000
__size_of_USBCtrlEPAllowDataStage          (abs)        00000
__size_of_USBCtrlEPAllowStatusStage        (abs)        00000
__size_of_USBCtrlEPService                 (abs)        00000
__size_of_USBCtrlEPServiceComplete         (abs)        00000
__size_of_USBCtrlTrfInHandler              (abs)        00000
__size_of_USBCtrlTrfOutHandler             (abs)        00000
__size_of_USBCtrlTrfRxService              (abs)        00000
__size_of_USBCtrlTrfSetupHandler           (abs)        00000
__size_of_USBCtrlTrfTxService              (abs)        00000
__size_of_USBDeviceInit                    (abs)        00000
__size_of_USBDeviceTasks                   (abs)        00000
__size_of_USBEnableEndpoint                (abs)        00000
__size_of_USBIncrement1msInternalTimers    (abs)        00000
__size_of_USBStallHandler                  (abs)        00000
__size_of_USBStdFeatureReqHandler          (abs)        00000
__size_of_USBStdGetDscHandler              (abs)        00000
__size_of_USBStdGetStatusHandler           (abs)        00000
__size_of_USBStdSetCfgHandler              (abs)        00000
__size_of_USBSuspend                       (abs)        00000
__size_of_USBTransferOnePacket             (abs)        00000
__size_of_USBWakeFromSuspend               (abs)        00000
__size_of_USER_USB_CALLBACK_EVENT_HANDLER  (abs)        00000
__size_of___lwdiv                          (abs)        00000
__size_of___lwmod                          (abs)        00000
__size_of_get_adc                          (abs)        00000
__size_of_get_data                         (abs)        00000
__size_of_is_adc_ready                     (abs)        00000
__size_of_is_end_of_scan                   (abs)        00000
__size_of_main                             (abs)        00000
__size_of_memset                           (abs)        00000
__size_of_process_level                    (abs)        00000
__size_of_putUSBUSART                      (abs)        00000
__size_of_run_adc                          (abs)        00000
__size_of_scan_init                        (abs)        00000
__size_of_scan_task                        (abs)        00000
__size_of_set_clock_and_data               (abs)        00000
__size_of_set_timer                        (abs)        00000
__size_of_sprintf                          (abs)        00000
__size_of_store_key_level                  (abs)        00000
__size_of_waiting_for_timer                (abs)        00000
__stringdata                               strings      003D0
__stringtab                                strings      00300
_adc_levels                                bssBANK4     00220
_buttonMessage                             dataBANK4    00251
_buttonPressed                             bssBANK3     001CB
_cdc_data_rx                               (abs)        00120
_cdc_data_tx                               (abs)        000A0
_cdc_mem_type                              bssBANK3     001CC
_cdc_notice                                bssBANK4     00247
_cdc_rx_len                                bssBANK3     001CD
_cdc_trf_state                             bssBANK1     000EE
_cdc_tx_len                                bssBANK2     00167
_configDescriptor1                         strings      0030F
_controlTransferState                      bssBANK2     00168
_control_signal_bitmap                     bssBANK3     001CE
_device_dsc                                strings      003BA
_dpowers                                   strings      00301
_dummy_encapsulated_cmd_response           bssBANK3     001D9
_endpoint_number                           bssBANK3     001CF
_ep_data_in                                bssBANK3     001AE
_ep_data_out                               bssBANK3     001B1
_get_adc                                   text34       017C7
_get_data                                  text38       017CA
_inPipes                                   bssBANK2     0016A
_is_adc_ready                              text35       017CF
_is_end_of_scan                            text37       0086E
_is_initialized                            bssBANK3     001D0
_line_coding                               bssBANK3     001E1
_main                                      maintext     00932
_memset                                    text12       007E1
_midiData                                  bssBANK3     001B9
_note_event                                bssBANK3     001BB
_outPipes                                  bssBANK3     001A0
_pBDTEntryEP0OutCurrent                    bssBANK1     000EF
_pBDTEntryEP0OutNext                       bssCOMMON    0007C
_pBDTEntryIn                               bssBANK2     00160
_pBDTEntryOut                              bssBANK3     001B4
_pCDCDst                                   bssBANK3     001BD
_pCDCSrc                                   bssBANK3     001BF
_pDst                                      bssBANK3     001D1
_process_level                             text33       00827
_putUSBUSART                               text49       00894
_readBuffer                                bssBANK6     00320
_ready_scan                                bssBANK3     001D2
_run_adc                                   text36       002F7
_s_idx_key                                 bssBANK3     001D3
_s_level                                   bssBANK3     001D4
_scan_init                                 text42       008F8
_scan_task                                 text31       0075A
_scan_task$719                             cstackBANK0  00060
_scan_task$720                             cstackBANK0  00062
_sd000                                     strings      003CC
_sd001                                     strings      00352
_sd002                                     strings      00386
_set_clock_and_data                        text39       008C2
_set_timer                                 text41       017EA
_shortPacketStatus                         bssBANK3     001D5
_sprintf                                   text50       003E7
_store_key_level                           text32       009EB
_wait_timer                                bssBANK3     001D6
_waiting_for_timer                         text40       017F5
_waiting_for_timer$688                     cstackCOMMON 00071
_writeBuffer                               bssBANK5     002A0
btemp                                      (abs)        0007E
clear_ram0                                 clrtext      017DA
end_of_initialization                      cinit        00AEF
init_ram                                   inittext     017D4
intlevel0                                  functab      00000
intlevel1                                  functab      00000
intlevel2                                  functab      00000
intlevel3                                  functab      00000
intlevel4                                  functab      00000
intlevel5                                  functab      00000
is_end_of_scan@res                         cstackCOMMON 00073
is_end_of_scan@scan_counter                bssBANK3     001D7
memset@c                                   cstackCOMMON 00073
memset@n                                   cstackCOMMON 00075
memset@p                                   cstackCOMMON 00078
memset@p1                                  cstackCOMMON 00071
process_level@idx_key                      cstackCOMMON 00074
process_level@new_level                    cstackCOMMON 00072
putUSBUSART@data                           cstackCOMMON 00073
putUSBUSART@length                         cstackCOMMON 00071
reset_vec                                  reset_vec    00000
scan_task@state                            bssBANK3     001D8
set_clock_and_data@c                       cstackCOMMON 00073
set_clock_and_data@d                       cstackCOMMON 00071
sprintf@_val                               cstackBANK1  000E4
sprintf@ap                                 cstackBANK1  000E1
sprintf@c                                  cstackBANK1  000EA
sprintf@ccnt                               cstackBANK1  000E2
sprintf@f                                  cstackBANK0  00064
sprintf@flag                               cstackBANK1  000E0
sprintf@prec                               cstackBANK1  000E8
sprintf@sp                                 cstackBANK1  000E9
start                                      init         0000B
start_initialization                       cinit        00AB8
store_key_level@end_of_scan                cstackCOMMON 00075
store_key_level@idx_key                    bssBANK2     00169
store_key_level@level                      cstackCOMMON 00078
wtemp0                                     (abs)        0007E


FUNCTION INFORMATION:

 *************** function _main *****************
 Defined at:
		line 56 in file "../src/main.c"
 Parameters:    Size  Location     Type
		None
 Auto vars:     Size  Location     Type
		None
 Return value:  Size  Location     Type
		None               void
 Registers used:
		wreg, fsr0l, fsr0h, fsr1l, fsr1h, fsr1l, fsr1h, status,2, status,0, btemp+1, pclath, cstack
 Tracked objects:
		On entry : 
		On exit  : 
		Unchanged: 
 Data sizes:     COMMON   BANK0   BANK1   BANK2   BANK3   BANK4   BANK5   BANK6   BANK7   BANK8   BANK9  BANK10  BANK11  BANK12
      Params:         0       0       0       0       0       0       0       0       0       0       0       0       0       0
      Locals:         0       0       0       0       0       0       0       0       0       0       0       0       0       0
      Temps:          0       0       1       0       0       0       0       0       0       0       0       0       0       0
      Totals:         0       0       1       0       0       0       0       0       0       0       0       0       0       0
Total ram usage:        1 bytes
 Hardware stack levels required when called:   11
 This function calls:
		_APP_DeviceCDCBasicDemoTasks
		_SYSTEM_Initialize
		_USBDeviceInit
		_scan_task
		_USBDeviceTasks
 This function is called by:
		Startup code after reset
 This function uses a non-reentrant model


 *************** function _USBDeviceTasks *****************
 Defined at:
		line 497 in file "../framework/usb/usb_device.c"
 Parameters:    Size  Location     Type
		None
 Auto vars:     Size  Location     Type
  i               1   12[BANK1 ] unsigned char 
 Return value:  Size  Location     Type
		None               void
 Registers used:
		wreg, fsr0l, fsr0h, fsr1l, fsr1h, fsr1l, fsr1h, status,2, status,0, btemp+1, pclath, cstack
 Tracked objects:
		On entry : 
		On exit  : 
		Unchanged: 
 Data sizes:     COMMON   BANK0   BANK1   BANK2   BANK3   BANK4   BANK5   BANK6   BANK7   BANK8   BANK9  BANK10  BANK11  BANK12
      Params:         0       0       0       0       0       0       0       0       0       0       0       0       0       0
      Locals:         0       0       1       0       0       0       0       0       0       0       0       0       0       0
      Temps:          0       0       2       0       0       0       0       0       0       0       0       0       0       0
      Totals:         0       0       3       0       0       0       0       0       0       0       0       0       0       0
Total ram usage:        3 bytes
 Hardware stack levels used:    1
 Hardware stack levels required when called:   10
 This function calls:
		_USBDeviceInit
		_USER_USB_CALLBACK_EVENT_HANDLER
		_USBWakeFromSuspend
		_USBSuspend
		_USBIncrement1msInternalTimers
		_USBCtrlEPAllowStatusStage
		_USBStallHandler
		_USBCtrlEPService
 This function is called by:
		_main
 This function uses a non-reentrant model


 *************** function _USBCtrlEPService *****************
 Defined at:
		line 2392 in file "../framework/usb/usb_device.c"
 Parameters:    Size  Location     Type
		None
 Auto vars:     Size  Location     Type
  setup_cnt       1    9[BANK1 ] unsigned char 
 Return value:  Size  Location     Type
		None               void
 Registers used:
		wreg, fsr0l, fsr0h, fsr1l, fsr1h, fsr1l, fsr1h, status,2, status,0, btemp+1, pclath, cstack
 Tracked objects:
		On entry : 
		On exit  : 
		Unchanged: 
 Data sizes:     COMMON   BANK0   BANK1   BANK2   BANK3   BANK4   BANK5   BANK6   BANK7   BANK8   BANK9  BANK10  BANK11  BANK12
      Params:         0       0       0       0       0       0       0       0       0       0       0       0       0       0
      Locals:         0       0       1       0       0       0       0       0       0       0       0       0       0       0
      Temps:          0       0       3       0       0       0       0       0       0       0       0       0       0       0
      Totals:         0       0       4       0       0       0       0       0       0       0       0       0       0       0
Total ram usage:        4 bytes
 Hardware stack levels used:    1
 Hardware stack levels required when called:    9
 This function calls:
		_USBCtrlTrfSetupHandler
		_USBCtrlTrfOutHandler
		_USBCtrlTrfInHandler
 This function is called by:
		_USBDeviceTasks
 This function uses a non-reentrant model


 *************** function _USBCtrlTrfInHandler *****************
 Defined at:
		line 2618 in file "../framework/usb/usb_device.c"
 Parameters:    Size  Location     Type
		None
 Auto vars:     Size  Location     Type
  lastDTS         1    6[COMMON] unsigned char 
 Return value:  Size  Location     Type
		None               void
 Registers used:
		wreg, fsr0l, fsr0h, fsr1l, fsr1h, status,2, status,0, pclath, cstack
 Tracked objects:
		On entry : 
		On exit  : 
		Unchanged: 
 Data sizes:     COMMON   BANK0   BANK1   BANK2   BANK3   BANK4   BANK5   BANK6   BANK7   BANK8   BANK9  BANK10  BANK11  BANK12
      Params:         0       0       0       0       0       0       0       0       0       0       0       0       0       0
      Locals:         1       0       0       0       0       0       0       0       0       0       0       0       0       0
      Temps:          2       0       0       0       0       0       0       0       0       0       0       0       0       0
      Totals:         3       0       0       0       0       0       0       0       0       0       0       0       0       0
Total ram usage:        3 bytes
 Hardware stack levels used:    1
 Hardware stack levels required when called:    2
 This function calls:
		_USBCtrlTrfTxService
		Absolute function
 This function is called by:
		_USBCtrlEPService
 This function uses a non-reentrant model


 *************** function _USBCtrlTrfOutHandler *****************
 Defined at:
		line 2564 in file "../framework/usb/usb_device.c"
 Parameters:    Size  Location     Type
		None
 Auto vars:     Size  Location     Type
		None
 Return value:  Size  Location     Type
		None               void
 Registers used:
		wreg, fsr1l, fsr1h, status,2, status,0, pclath, cstack
 Tracked objects:
		On entry : 
		On exit  : 
		Unchanged: 
 Data sizes:     COMMON   BANK0   BANK1   BANK2   BANK3   BANK4   BANK5   BANK6   BANK7   BANK8   BANK9  BANK10  BANK11  BANK12
      Params:         0       0       0       0       0       0       0       0       0       0       0       0       0       0
      Locals:         0       0       0       0       0       0       0       0       0       0       0       0       0       0
      Temps:          2       0       0       0       0       0       0       0       0       0       0       0       0       0
      Totals:         2       0       0       0       0       0       0       0       0       0       0       0       0       0
Total ram usage:        2 bytes
 Hardware stack levels used:    1
 Hardware stack levels required when called:    3
 This function calls:
		_USBCtrlTrfRxService
 This function is called by:
		_USBCtrlEPService
 This function uses a non-reentrant model


 *************** function _USBCtrlTrfRxService *****************
 Defined at:
		line 1872 in file "../framework/usb/usb_device.c"
 Parameters:    Size  Location     Type
		None
 Auto vars:     Size  Location     Type
  byteToRead      1    6[COMMON] unsigned char 
  i               1    5[COMMON] unsigned char 
 Return value:  Size  Location     Type
		None               void
 Registers used:
		wreg, fsr1l, fsr1h, status,2, status,0, pclath, cstack
 Tracked objects:
		On entry : 
		On exit  : 
		Unchanged: 
 Data sizes:     COMMON   BANK0   BANK1   BANK2   BANK3   BANK4   BANK5   BANK6   BANK7   BANK8   BANK9  BANK10  BANK11  BANK12
      Params:         0       0       0       0       0       0       0       0       0       0       0       0       0       0
      Locals:         2       0       0       0       0       0       0       0       0       0       0       0       0       0
      Temps:          2       0       0       0       0       0       0       0       0       0       0       0       0       0
      Totals:         4       0       0       0       0       0       0       0       0       0       0       0       0       0
Total ram usage:        4 bytes
 Hardware stack levels used:    1
 Hardware stack levels required when called:    2
 This function calls:
		_USBCtrlEPAllowStatusStage
		Absolute function
 This function is called by:
		_USBCtrlTrfOutHandler
 This function uses a non-reentrant model


 *************** function _USBCtrlTrfSetupHandler *****************
 Defined at:
		line 2492 in file "../framework/usb/usb_device.c"
 Parameters:    Size  Location     Type
		None
 Auto vars:     Size  Location     Type
		None
 Return value:  Size  Location     Type
		None               void
 Registers used:
		wreg, fsr0l, fsr0h, fsr1l, fsr1h, fsr1l, fsr1h, status,2, status,0, btemp+1, pclath, cstack
 Tracked objects:
		On entry : 
[...]
      Params:         0       0       0       0       0       0       0       0       0       0       0       0       0       0
      Locals:         1       0       0       0       0       0       0       0       0       0       0       0       0       0
      Temps:          0       0       0       0       0       0       0       0       0       0       0       0       0       0
      Totals:         1       0       0       0       0       0       0       0       0       0       0       0       0       0
Total ram usage:        1 bytes
 Hardware stack levels used:    1
 Hardware stack levels required when called:    2
 This function calls:
		_LED_Enable
		_BUTTON_Enable
 This function is called by:
		_main
 This function uses a non-reentrant model


 *************** function _BUTTON_Enable *****************
 Defined at:
		line 86 in file "../bsp/pic16f1459/buttons.c"
 Parameters:    Size  Location     Type
  button          1    wreg     enum E2603
 Auto vars:     Size  Location     Type
  button          1    1[COMMON] enum E2603
 Return value:  Size  Location     Type
		None               void
 Registers used:
		wreg, fsr0l, fsr0h, status,2, status,0
 Tracked objects:
		On entry : 
		On exit  : 
		Unchanged: 
 Data sizes:     COMMON   BANK0   BANK1   BANK2   BANK3   BANK4   BANK5   BANK6   BANK7   BANK8   BANK9  BANK10  BANK11  BANK12
      Params:         0       0       0       0       0       0       0       0       0       0       0       0       0       0
      Locals:         1       0       0       0       0       0       0       0       0       0       0       0       0       0
      Temps:          0       0       0       0       0       0       0       0       0       0       0       0       0       0
      Totals:         1       0       0       0       0       0       0       0       0       0       0       0       0       0
Total ram usage:        1 bytes
 Hardware stack levels used:    1
 Hardware stack levels required when called:    1
 This function calls:
		Nothing
 This function is called by:
		_SYSTEM_Initialize
 This function uses a non-reentrant model


 *************** function _LED_Enable *****************
 Defined at:
		line 170 in file "../bsp/pic16f1459/leds.c"
 Parameters:    Size  Location     Type
  led             1    wreg     enum E2
 Auto vars:     Size  Location     Type
  led             1    1[COMMON] enum E2
 Return value:  Size  Location     Type
		None               void
 Registers used:
		wreg, fsr0l, fsr0h, status,2, status,0
 Tracked objects:
		On entry : 
		On exit  : 
		Unchanged: 
 Data sizes:     COMMON   BANK0   BANK1   BANK2   BANK3   BANK4   BANK5   BANK6   BANK7   BANK8   BANK9  BANK10  BANK11  BANK12
      Params:         0       0       0       0       0       0       0       0       0       0       0       0       0       0
      Locals:         1       0       0       0       0       0       0       0       0       0       0       0       0       0
      Temps:          0       0       0       0       0       0       0       0       0       0       0       0       0       0
      Totals:         1       0       0       0       0       0       0       0       0       0       0       0       0       0
Total ram usage:        1 bytes
 Hardware stack levels used:    1
 Hardware stack levels required when called:    1
 This function calls:
		Nothing
 This function is called by:
		_SYSTEM_Initialize
 This function uses a non-reentrant model


 *************** function _APP_DeviceCDCBasicDemoTasks *****************
 Defined at:
		line 92 in file "../src/app_device_cdc_basic.c"
 Parameters:    Size  Location     Type
		None
 Auto vars:     Size  Location     Type
  temp_level      1   12[BANK0 ] unsigned char 
  numBytesRead    1   11[BANK0 ] unsigned char 
 Return value:  Size  Location     Type
		None               void
 Registers used:
		wreg, fsr0l, fsr0h, fsr1l, fsr1h, status,2, status,0, pclath, cstack
 Tracked objects:
		On entry : 
		On exit  : 
		Unchanged: 
 Data sizes:     COMMON   BANK0   BANK1   BANK2   BANK3   BANK4   BANK5   BANK6   BANK7   BANK8   BANK9  BANK10  BANK11  BANK12
      Params:         0       0       0       0       0       0       0       0       0       0       0       0       0       0
      Locals:         0       2       0       0       0       0       0       0       0       0       0       0       0       0
      Temps:          0       0       0       0       0       6       0       0       0       0       0       0       0       0
      Totals:         0       2       0       0       0       6       0       0       0       0       0       0       0       0
Total ram usage:        8 bytes
 Hardware stack levels used:    1
 Hardware stack levels required when called:    3
 This function calls:
		_sprintf
		_putUSBUSART
		_CDCTxService
 This function is called by:
		_main
 This function uses a non-reentrant model


 *************** function _CDCTxService *****************
 Defined at:
		line 894 in file "../framework/usb/usb_device_cdc.c"
 Parameters:    Size  Location     Type
		None
 Auto vars:     Size  Location     Type
  byte_to_send    1    3[BANK0 ] unsigned char 
  i               1    2[BANK0 ] unsigned char 
 Return value:  Size  Location     Type
		None               void
 Registers used:
		wreg, fsr1l, fsr1h, status,2, status,0, pclath, cstack
 Tracked objects:
		On entry : 
		On exit  : 
		Unchanged: 
 Data sizes:     COMMON   BANK0   BANK1   BANK2   BANK3   BANK4   BANK5   BANK6   BANK7   BANK8   BANK9  BANK10  BANK11  BANK12
      Params:         0       0       0       0       0       0       0       0       0       0       0       0       0       0
      Locals:         0       4       0       0       0       0       0       0       0       0       0       0       0       0
      Temps:          2       0       0       0       0       0       0       0       0       0       0       0       0       0
      Totals:         2       4       0       0       0       0       0       0       0       0       0       0       0       0
Total ram usage:        6 bytes
 Hardware stack levels used:    1
 Hardware stack levels required when called:    2
 This function calls:
		_USBTransferOnePacket
 This function is called by:
		_APP_DeviceCDCBasicDemoTasks
 This function uses a non-reentrant model


 *************** function _USBTransferOnePacket *****************
 Defined at:
		line 1015 in file "../framework/usb/usb_device.c"
 Parameters:    Size  Location     Type
  ep              1    wreg     unsigned char 
  dir             1    1[COMMON] unsigned char 
  data            2    2[COMMON] PTR unsigned char 
		 -> cdc_data_tx(64), cdc_data_rx(64), NULL(0), 
  len             1    4[COMMON] unsigned char 
 Auto vars:     Size  Location     Type
  ep              1    7[COMMON] unsigned char 
  handle          1    8[COMMON] PTR volatile struct __BD
		 -> NULL(0), BDT(48), 
 Return value:  Size  Location     Type
                  1    wreg      PTR void 
 Registers used:
		wreg, fsr1l, fsr1h, status,2, status,0
 Tracked objects:
		On entry : 
		On exit  : 
		Unchanged: 
 Data sizes:     COMMON   BANK0   BANK1   BANK2   BANK3   BANK4   BANK5   BANK6   BANK7   BANK8   BANK9  BANK10  BANK11  BANK12
      Params:         4       0       0       0       0       0       0       0       0       0       0       0       0       0
      Locals:         2       0       0       0       0       0       0       0       0       0       0       0       0       0
      Temps:          2       0       0       0       0       0       0       0       0       0       0       0       0       0
      Totals:         8       0       0       0       0       0       0       0       0       0       0       0       0       0
Total ram usage:        8 bytes
 Hardware stack levels used:    1
 Hardware stack levels required when called:    1
 This function calls:
		Nothing
 This function is called by:
		_CDCInitEP
		_CDCTxService
		_USBCDCEventHandler
		_getsUSBUSART
 This function uses a non-reentrant model


 *************** function _putUSBUSART *****************
 Defined at:
		line 614 in file "../framework/usb/usb_device_cdc.c"
 Parameters:    Size  Location     Type
  data            1    wreg     PTR unsigned char 
		 -> writeBuffer(64), 
  length          1    1[COMMON] unsigned char 
 Auto vars:     Size  Location     Type
  data            1    3[COMMON] PTR unsigned char 
		 -> writeBuffer(64), 
 Return value:  Size  Location     Type
		None               void
 Registers used:
		wreg, status,2, status,0
 Tracked objects:
		On entry : 
		On exit  : 
		Unchanged: 
 Data sizes:     COMMON   BANK0   BANK1   BANK2   BANK3   BANK4   BANK5   BANK6   BANK7   BANK8   BANK9  BANK10  BANK11  BANK12
      Params:         1       0       0       0       0       0       0       0       0       0       0       0       0       0
      Locals:         1       0       0       0       0       0       0       0       0       0       0       0       0       0
      Temps:          1       0       0       0       0       0       0       0       0       0       0       0       0       0
      Totals:         3       0       0       0       0       0       0       0       0       0       0       0       0       0
Total ram usage:        3 bytes
 Hardware stack levels used:    1
 Hardware stack levels required when called:    1
 This function calls:
		Nothing
 This function is called by:
		_APP_DeviceCDCBasicDemoTasks
 This function uses a non-reentrant model


 *************** function _sprintf *****************
 Defined at:
		line 493 in file "C:\Program Files\Microchip\xc8\v1.20\sources\common\doprnt.c"
 Parameters:    Size  Location     Type
  sp              1    wreg     PTR unsigned char 
		 -> writeBuffer(64), 
  f               1    4[BANK0 ] PTR const unsigned char 
		 -> STR_1(23), 
 Auto vars:     Size  Location     Type
  sp              1    9[BANK1 ] PTR unsigned char 
		 -> writeBuffer(64), 
  _val            4    4[BANK1 ] struct .
  ccnt            2    2[BANK1 ] int 
  c               1   10[BANK1 ] char 
  prec            1    8[BANK1 ] char 
  ap              1    1[BANK1 ] PTR void [1]
		 -> ?_sprintf(2), 
  flag            1    0[BANK1 ] unsigned char 
 Return value:  Size  Location     Type
                  2    4[BANK0 ] int 
 Registers used:
		wreg, fsr0l, fsr0h, fsr1l, fsr1h, status,2, status,0, pclath, cstack
 Tracked objects:
		On entry : 
		On exit  : 
		Unchanged: 
 Data sizes:     COMMON   BANK0   BANK1   BANK2   BANK3   BANK4   BANK5   BANK6   BANK7   BANK8   BANK9  BANK10  BANK11  BANK12
      Params:         0       5       0       0       0       0       0       0       0       0       0       0       0       0
      Locals:         0       0      11       0       0       0       0       0       0       0       0       0       0       0
      Temps:          0       2       0       0       0       0       0       0       0       0       0       0       0       0
      Totals:         0       7      11       0       0       0       0       0       0       0       0       0       0       0
Total ram usage:       18 bytes
 Hardware stack levels used:    1
 Hardware stack levels required when called:    2
 This function calls:
		___lwdiv
		___lwmod
 This function is called by:
		_APP_DeviceCDCBasicDemoTasks
 This function uses a non-reentrant model


 *************** function ___lwmod *****************
 Defined at:
		line 5 in file "C:\Program Files\Microchip\xc8\v1.20\sources\pic\lwmod.c"
 Parameters:    Size  Location     Type
  divisor         2    0[BANK0 ] unsigned int 
  dividend        2    2[BANK0 ] unsigned int 
 Auto vars:     Size  Location     Type
  counter         1   10[COMMON] unsigned char 
 Return value:  Size  Location     Type
                  2    0[BANK0 ] unsigned int 
 Registers used:
		wreg, status,2, status,0
 Tracked objects:
		On entry : 
		On exit  : 
		Unchanged: 
 Data sizes:     COMMON   BANK0   BANK1   BANK2   BANK3   BANK4   BANK5   BANK6   BANK7   BANK8   BANK9  BANK10  BANK11  BANK12
      Params:         0       4       0       0       0       0       0       0       0       0       0       0       0       0
      Locals:         1       0       0       0       0       0       0       0       0       0       0       0       0       0
      Temps:          1       0       0       0       0       0       0       0       0       0       0       0       0       0
      Totals:         2       4       0       0       0       0       0       0       0       0       0       0       0       0
Total ram usage:        6 bytes
 Hardware stack levels used:    1
 Hardware stack levels required when called:    1
 This function calls:
		Nothing
 This function is called by:
		_sprintf
 This function uses a non-reentrant model


 *************** function ___lwdiv *****************
 Defined at:
		line 5 in file "C:\Program Files\Microchip\xc8\v1.20\sources\pic\lwdiv.c"
 Parameters:    Size  Location     Type
  divisor         2    1[COMMON] unsigned int 
  dividend        2    3[COMMON] unsigned int 
 Auto vars:     Size  Location     Type
  quotient        2    7[COMMON] unsigned int 
  counter         1    6[COMMON] unsigned char 
 Return value:  Size  Location     Type
                  2    1[COMMON] unsigned int 
 Registers used:
		wreg, status,2, status,0
 Tracked objects:
		On entry : 
		On exit  : 
		Unchanged: 
 Data sizes:     COMMON   BANK0   BANK1   BANK2   BANK3   BANK4   BANK5   BANK6   BANK7   BANK8   BANK9  BANK10  BANK11  BANK12
      Params:         4       0       0       0       0       0       0       0       0       0       0       0       0       0
      Locals:         3       0       0       0       0       0       0       0       0       0       0       0       0       0
      Temps:          1       0       0       0       0       0       0       0       0       0       0       0       0       0
      Totals:         8       0       0       0       0       0       0       0       0       0       0       0       0       0
Total ram usage:        8 bytes
 Hardware stack levels used:    1
 Hardware stack levels required when called:    1
 This function calls:
		Nothing
 This function is called by:
		_sprintf
		_ADC_ReadPercentage
 This function uses a non-reentrant model


 *************** function _SYS_InterruptHigh *****************
 Defined at:
		line 112 in file "../src/pic16f1459/system.c"
 Parameters:    Size  Location     Type
		None
 Auto vars:     Size  Location     Type
		None
 Return value:  Size  Location     Type
		None               void
 Registers used:
		None
 Tracked objects:
		On entry : 
		On exit  : 
		Unchanged: 
 Data sizes:     COMMON   BANK0   BANK1   BANK2   BANK3   BANK4   BANK5   BANK6   BANK7   BANK8   BANK9  BANK10  BANK11  BANK12
      Params:         0       0       0       0       0       0       0       0       0       0       0       0       0       0
      Locals:         0       0       0       0       0       0       0       0       0       0       0       0       0       0
      Temps:          1       0       0       0       0       0       0       0       0       0       0       0       0       0
      Totals:         1       0       0       0       0       0       0       0       0       0       0       0       0       0
Total ram usage:        1 bytes
 Hardware stack levels used:    1
 This function calls:
		Nothing
 This function is called by:
		Interrupt level 1
 This function uses a non-reentrant model



MODULE INFORMATION

Module		Function		Class		Link	Load	Size
../src/pic16f1459/system.c
		_SYS_InterruptH		CODE           	0004	0000	7
		_SYSTEM_Initial		CODE           	08DC	0000	28

../src/pic16f1459/system.c estimated size: 35

C:\Program Files\Microchip\xc8\v1.20\sources\pic\lwmod.c
		___lwmod       		CODE           	09BC	0000	47

C:\Program Files\Microchip\xc8\v1.20\sources\pic\lwmod.c estimated size: 47

C:\Program Files\Microchip\xc8\v1.20\sources\common\doprnt.c
		_sprintf       		CODE           	03E7	0000	221

C:\Program Files\Microchip\xc8\v1.20\sources\common\doprnt.c estimated size: 221

../framework/usb/usb_device_cdc.c
		_CDCTxService  		CODE           	04C4	0000	186
		_CDCInitEP     		CODE           	0AF2	0000	59
		_putUSBUSART   		CODE           	0894	0000	22
		_USBCheckCDCReq		CODE           	0D6C	0000	98

../framework/usb/usb_device_cdc.c estimated size: 365

C:\Program Files\Microchip\xc8\v1.20\sources\pic\lwdiv.c
		___lwdiv       		CODE           	0A49	0000	54

C:\Program Files\Microchip\xc8\v1.20\sources\pic\lwdiv.c estimated size: 54

../bsp/pic16f1459/leds.c
		_LED_Off       		CODE           	0840	0000	14
		_LED_On        		CODE           	084E	0000	14
		_LED_Enable    		CODE           	0832	0000	14

../bsp/pic16f1459/leds.c estimated size: 42

shared
		_configDescript		STRING         	030F	0000	67
		_USB_CD_Ptr    		STRING         	030E	0000	1
		_sd001         		STRING         	0352	0000	52
		__stringtab    		STRING         	0300	0000	1
		__stringdata   		STRING         	03D0	0000	23
		_sd002         		STRING         	0386	0000	52
		_dpowers       		STRING         	0301	0000	10
		__initializatio		CODE           	0AB8	0000	55
		_device_dsc    		STRING         	03BA	0000	18
		_USB_SD_Ptr    		STRING         	030B	0000	3
		_sd000         		STRING         	03CC	0000	4

shared estimated size: 286

../src/app_device_cdc_basic.c
		_APP_DeviceCDCB		CODE           	0C63	0000	83
		_APP_DeviceCDCB		CODE           	0881	0000	19

../src/app_device_cdc_basic.c estimated size: 102

../bsp/pic16f1459/buttons.c
		_BUTTON_Enable 		CODE           	17E0	0000	10

../bsp/pic16f1459/buttons.c estimated size: 10

../src/scan.c
		_waiting_for_ti		CODE           	17F5	0000	11
		_scan_task     		CODE           	075A	0000	135
		_process_level 		CODE           	0827	0000	11
		_scan_init     		CODE           	08F8	0000	29
		_is_end_of_scan		CODE           	086E	0000	19
		_set_clock_and_		CODE           	08C2	0000	26
		_store_key_leve		CODE           	09EB	0000	47
		_get_adc       		CODE           	17C7	0000	3
		_set_timer     		CODE           	17EA	0000	11
		_is_adc_ready  		CODE           	17CF	0000	5
		_get_data      		CODE           	17CA	0000	5
		_run_adc       		CODE           	02F7	0000	7

../src/scan.c estimated size: 309

../framework/usb/usb_device.c
		_USBCtrlTrfInHa		CODE           	0E35	0000	111
		_USBTransferOne		CODE           	0B2D	0000	76
		_USBStdGetDscHa		CODE           	0F87	0000	121
		_USBCtrlEPAllow		CODE           	0CB6	0000	87
		_USBStdFeatureR		CODE           	000D	0000	301
		_USBCtrlEPAllow		CODE           	0DCE	0000	103
		_USBCtrlTrfSetu		CODE           	0BC6	0000	78
		_USBCtrlTrfOutH		CODE           	0A1A	0000	47
		_USBCtrlEPServi		CODE           	0234	0000	134
		_USBSuspend    		CODE           	0915	0000	29
		_USBStdSetCfgHa		CODE           	06CB	0000	143
		_USBStdGetStatu		CODE           	0B79	0000	77
		_USBWakeFromSus		CODE           	0950	0000	33
		_USBCtrlTrfRxSe		CODE           	062C	0000	159
		_USBCtrlTrfTxSe		CODE           	0EA4	0000	113
		_USBEnableEndpo		CODE           	0971	0000	37
		_USBConfigureEn		CODE           	02BA	0000	61
		_USBDeviceInit 		CODE           	057E	0000	174
		_USBIncrement1m		CODE           	08AA	0000	24
		_USBCtrlEPServi		CODE           	0F15	0000	114
		_USBStallHandle		CODE           	0996	0000	38
		_USBDeviceTasks		CODE           	013A	0000	250
		_USBCheckStdReq		CODE           	0D0D	0000	95

../framework/usb/usb_device.c estimated size: 2405

C:\Program Files\Microchip\xc8\v1.20\sources\common\memset.c
		_memset        		CODE           	07E1	0000	31

C:\Program Files\Microchip\xc8\v1.20\sources\common\memset.c estimated size: 31

../src/app_led_usb_status.c
		_APP_LEDUpdateU		CODE           	0C14	0000	79

../src/app_led_usb_status.c estimated size: 79

../src/main.c
		_main          		CODE           	0932	0000	30
		_USER_USB_CALLB		CODE           	0A7F	0000	57

../src/main.c estimated size: 87

