Microchip MPLAB XC8 Compiler V1.20 ()

Linker command line:

--edf=C:\Program Files\Microchip\xc8\v1.20\dat\en_msgs.txt -cs \
  -h+dist/LPCUSBDK_16F1459/production\MPLAB.X.production.sym \
  --cmf=dist/LPCUSBDK_16F1459/production\MPLAB.X.production.cmf -z \
  -Q16F1459 -oC:\DOCUME~1\Pervakov\LOCALS~1\Temp\s4bg.6 \
  -Mdist/LPCUSBDK_16F1459/production/MPLAB.X.production.map -E1 -ver=XC8 \
  -ACONST=00h-0FFhx32 -ACODE=00h-07FFhx4 -ASTRCODE=00h-01FFFh \
  -AENTRY=00h-0FFhx32 -ASTRING=00h-0FFhx32 -ACOMMON=070h-07Fh \
  -ABANK0=020h-06Fh -ABANK1=0A0h-0EFh -ABANK2=0120h-016Fh \
  -ABANK3=01A0h-01EFh -ABANK4=0220h-026Fh -ABANK5=02A0h-02EFh \
  -ABANK6=0320h-036Fh -ABANK7=03A0h-03EFh -ABANK8=0420h-046Fh \
  -ABANK9=04A0h-04EFh -ABANK10=0520h-056Fh -ABANK11=05A0h-05EFh \
  -ABANK12=0620h-064Fh -ABIGRAM=02000h-023EFh \
  -ARAM=020h-06Fh,0A0h-0EFh,0120h-016Fh,01A0h-01EFh,0220h-026Fh,02A0h-02EFh,0320h-036Fh,03A0h-03EFh,0420h-046Fh,04A0h-04EFh,0520h-056Fh,05A0h-05EFh,0620h-064Fh \
  -AABS1=020h-07Fh,0A0h-0EFh,0120h-016Fh,01A0h-01EFh,0220h-026Fh,02A0h-02EFh,0320h-036Fh,03A0h-03EFh,0420h-046Fh,04A0h-04EFh,0520h-056Fh,05A0h-05EFh,0620h-064Fh \
  -ASFR0=00h-01Fh -ASFR1=080h-09Fh -ASFR2=0100h-011Fh -ASFR3=0180h-019Fh \
  -ASFR4=0200h-021Fh -ASFR5=0280h-029Fh -ASFR6=0300h-031Fh \
  -ASFR7=0380h-039Fh -ASFR8=0400h-041Fh -ASFR9=0480h-049Fh \
  -ASFR10=0500h-051Fh -ASFR11=0580h-059Fh -ASFR12=0600h-061Fh \
  -ASFR13=0680h-06EFh -ASFR14=0700h-076Fh -ASFR15=0780h-07EFh \
  -ASFR16=0800h-086Fh -ASFR17=0880h-08EFh -ASFR18=0900h-096Fh \
  -ASFR19=0980h-09EFh -ASFR20=0A00h-0A6Fh -ASFR21=0A80h-0AEFh \
  -ASFR22=0B00h-0B6Fh -ASFR23=0B80h-0BEFh -ASFR24=0C00h-0C6Fh \
  -ASFR25=0C80h-0CEFh -ASFR26=0D00h-0D6Fh -ASFR27=0D80h-0DEFh \
  -ASFR28=0E00h-0E6Fh -ASFR29=0E80h-0EEFh -ASFR30=0F00h-0F6Fh \
  -ASFR31=0F80h-0FEFh -preset_vec=00h,intentry=04h,init,end_init \
  -ppowerup=CODE -pfunctab=CODE -ACONFIG=08007h-08008h -pconfig=CONFIG \
  -DCONFIG=2 -AIDLOC=08000h-08003h -pidloc=IDLOC -DIDLOC=2 -DCODE=2 \
  -DSTRCODE=2 -DSTRING=2 -DCONST=2 -DENTRY=2 -k \
  C:\DOCUME~1\Pervakov\LOCALS~1\Temp\s4bg.obj \
  dist/LPCUSBDK_16F1459/production\MPLAB.X.production.obj 

Object code version is 3.11

Machine type is 16F1459



                Name                               Link     Load   Length Selector   Space Scale
C:\DOCUME~1\Pervakov\LOCALS~1\Temp\s4bg.obj
                end_init                              6        6        2        8       0
                reset_vec                             0        0        2        0       0
                config                             8007     8007        2    1000E       0
dist/LPCUSBDK_16F1459/production\MPLAB.X.production.obj
                intentry                              4        4        2        8       0
                swtext4                             8EA      8EA        C     1000       0
                swtext3                             B8A      B8A       46     1714       0
                text22                              B42      B42       48     138C       0
                swtext2                             800      800       EA     1000       0
                text11                              A67      A67       78     138C       0
                text10                              ADF      ADF       63     138C       0
                text9                               BD0      BD0       42     17A0       0
                swtext1                             7E4      7E4       1A      FC8       0
                text4                               9C6      9C6       A1     138C       0
                text3                               EA5      EA5      15B     1D4A       0
                cstackBANK0                          60       60        E       60       1
                cstackCOMMON                         70       70        E       70       1
                cstackBANK3                         1E1      1E1        1      1A0       1
                inittext                            C2A      C2A        6     17A0       0
                clrtext                             C24      C24        6     17A0       0
                bssBANK6                            320      320       40      320       1
                bssBANK5                            2A0      2A0       40      2A0       1
                bssBANK4                            220      220       40      220       1
                dataBANK3                           1CF      1CF       12      1A0       1
                bssBANK3                            1A0      1A0       2F      1A0       1
                bssBANK2                            160      160       10      160       1
                bssBANK1                             E0       E0       10       E0       1
                bssBANK0                             6E       6E        2       60       1
                cinit                                 8        8      7DC        8       0
                strings                             900      900       C6     1200       0
                idataBANK3                          C12      C12       12     17A0       0

TOTAL           Name                               Link     Load   Length     Space
        CLASS   CONST          
                swtext4                             8EA      8EA        C         0
                swtext3                             B8A      B8A       46         0
                swtext2                             800      800       EA         0
                swtext1                             7E4      7E4       1A         0

        CLASS   CODE           
                end_init                              6        6        2         0
                intentry                              4        4        2         0
                reset_vec                             0        0        2         0
                text22                              B42      B42       48         0
                text11                              A67      A67       78         0
                text10                              ADF      ADF       63         0
                text9                               BD0      BD0       42         0
                text4                               9C6      9C6       A1         0
                text3                               EA5      EA5      15B         0
                inittext                            C2A      C2A        6         0
                clrtext                             C24      C24        6         0
                cinit                                 8        8      7DC         0
                idataBANK3                          C12      C12       12         0

        CLASS   STRCODE        

        CLASS   ENTRY          

        CLASS   STRING         
                strings                             900      900       C6         0

        CLASS   COMMON         
                cstackCOMMON                         70       70        E         1

        CLASS   BANK0          
                cstackBANK0                          60       60        E         1
                bssBANK0                             6E       6E        2         1

        CLASS   BANK1          
                bssBANK1                             E0       E0       10         1

        CLASS   BANK2          
                bssBANK2                            160      160       10         1

        CLASS   BANK3          
                cstackBANK3                         1E1      1E1        1         1
                dataBANK3                           1CF      1CF       12         1
                bssBANK3                            1A0      1A0       2F         1

        CLASS   BANK4          
                bssBANK4                            220      220       40         1

        CLASS   BANK5          
                bssBANK5                            2A0      2A0       40         1

        CLASS   BANK6          
                bssBANK6                            320      320       40         1

        CLASS   BANK7          

        CLASS   BANK8          

        CLASS   BANK9          

        CLASS   BANK10         

        CLASS   BANK11         

        CLASS   BANK12         

        CLASS   BIGRAM         

        CLASS   RAM            

        CLASS   ABS1           
                abs_s1                               20       20       40         1
                abs_s1                               7E       7E        2         1
                abs_s1                               A0       A0       40         1
                abs_s1                              120      120       40         1

        CLASS   SFR0           

        CLASS   SFR1           

        CLASS   SFR2           

        CLASS   SFR3           

        CLASS   SFR4           

        CLASS   SFR5           

        CLASS   SFR6           

        CLASS   SFR7           

        CLASS   SFR8           

        CLASS   SFR9           

        CLASS   SFR10          

        CLASS   SFR11          

        CLASS   SFR12          

        CLASS   SFR13          

        CLASS   SFR14          

        CLASS   SFR15          

        CLASS   SFR16          

        CLASS   SFR17          

        CLASS   SFR18          

        CLASS   SFR19          

        CLASS   SFR20          

        CLASS   SFR21          

        CLASS   SFR22          

        CLASS   SFR23          

        CLASS   SFR24          

        CLASS   SFR25          

        CLASS   SFR26          

        CLASS   SFR27          

        CLASS   SFR28          

        CLASS   SFR29          

        CLASS   SFR30          

        CLASS   SFR31          

        CLASS   CONFIG         
                config                             8007     8007        2         0

        CLASS   IDLOC          

        CLASS   BANK31         

        CLASS   BANK30         

        CLASS   BANK29         

        CLASS   BANK28         

        CLASS   BANK27         

        CLASS   BANK26         

        CLASS   BANK25         

        CLASS   BANK24         

        CLASS   BANK23         

        CLASS   BANK22         

        CLASS   BANK21         

        CLASS   BANK20         

        CLASS   BANK19         

        CLASS   BANK18         

        CLASS   BANK17         

        CLASS   BANK16         

        CLASS   BANK15         

        CLASS   BANK14         

        CLASS   BANK13         

        CLASS   EEDATA         



SEGMENTS        Name                           Load    Length   Top    Selector   Space  Class     Delta

                reset_vec                      000000  000002  000002         0       0  CODE        2
                intentry                       000004  0007E0  0007E4         8       0  CODE        2
                cstackBANK0                    000060  000010  000070        60       1  BANK0       1
                cstackCOMMON                   000070  00000E  00007E        70       1  COMMON      1
                bssBANK1                       0000E0  000010  0000F0        E0       1  BANK1       1
                bssBANK2                       000160  000010  000170       160       1  BANK2       1
                bssBANK3                       0001A0  000042  0001E2       1A0       1  BANK3       1
                bssBANK4                       000220  000040  000260       220       1  BANK4       1
                bssBANK5                       0002A0  000040  0002E0       2A0       1  BANK5       1
                bssBANK6                       000320  000040  000360       320       1  BANK6       1
                swtext1                        0007E4  00001A  0007FE       FC8       0  CONST       2
                swtext2                        000800  0000F6  0008F6      1000       0  CONST       2
                strings                        000900  0000C6  0009C6      1200       0  STRING      2
                text4                          0009C6  0001C4  000B8A      138C       0  CODE        2
                swtext3                        000B8A  000046  000BD0      1714       0  CONST       2
                text9                          000BD0  000060  000C30      17A0       0  CODE        2
                text3                          000EA5  00015B  001000      1D4A       0  CODE        2
                config                         008007  000002  008009     1000E       0  CONFIG      2


UNUSED ADDRESS RANGES

        Name                Unused          Largest block    Delta
        BANK10           00520-0056F              50           1
        BANK11           005A0-005EF              50           1
        BANK12           00620-0064F              30           1
        BANK3            001E2-001EF               E           1
        BANK4            00260-0026F              10           1
        BANK5            002E0-002EF              10           1
        BANK6            00360-0036F              10           1
        BANK7            003A0-003EF              50           1
        BANK8            00420-0046F              50           1
        BANK9            004A0-004EF              50           1
        BIGRAM           02000-023EF             3F0           1
        CODE             00002-00003               2           2
                         007FE-007FF               2
                         008F6-008FF               A
                         00C30-00EA4             275
                         01000-01FFF             800
        CONST            00002-00003               2           2
                         007FE-007FF               2
                         008F6-008FF               A
                         00C30-00EA4             100
                         01000-01FFF             100
        ENTRY            00002-00003               2           2
                         007FE-007FF               2
                         008F6-008FF               A
                         00C30-00EA4             100
                         01000-01FFF             100
        IDLOC            08000-08003               4           2
        RAM              001E2-001EF               E           1
                         00260-0026F              10
                         002E0-002EF              10
                         00360-0036F              10
                         003A0-003EF              50
                         00420-0046F              50
                         004A0-004EF              50
                         00520-0056F              50
                         005A0-005EF              50
                         00620-0064F              30
        SFR0             00000-0001F              20           1
        SFR1             00080-0009F              20           1
        SFR10            00500-0051F              20           1
        SFR11            00580-0059F              20           1
        SFR12            00600-0061F              20           1
        SFR13            00680-006EF              70           1
        SFR14            00700-0076F              70           1
        SFR15            00780-007EF              70           1
        SFR16            00800-0086F              70           1
        SFR17            00880-008EF              70           1
        SFR18            00900-0096F              70           1
        SFR19            00980-009EF              70           1
        SFR2             00100-0011F              20           1
        SFR20            00A00-00A6F              70           1
        SFR21            00A80-00AEF              70           1
        SFR22            00B00-00B6F              70           1
        SFR23            00B80-00BEF              70           1
        SFR24            00C00-00C6F              70           1
        SFR25            00C80-00CEF              70           1
        SFR26            00D00-00D6F              70           1
        SFR27            00D80-00DEF              70           1
        SFR28            00E00-00E6F              70           1
        SFR29            00E80-00EEF              70           1
        SFR3             00180-0019F              20           1
        SFR30            00F00-00F6F              70           1
        SFR31            00F80-00FEF              70           1
        SFR4             00200-0021F              20           1
        SFR5             00280-0029F              20           1
        SFR6             00300-0031F              20           1
        SFR7             00380-0039F              20           1
        SFR8             00400-0041F              20           1
        SFR9             00480-0049F              20           1
        STRCODE          00002-00003               2           2
                         007FE-007FF               2
                         008F6-008FF               A
                         00C30-00EA4             275
                         01000-01FFF            1000
        STRING           00002-00003               2           2
                         007FE-007FF               2
                         008F6-008FF               A
                         00C30-00EA4             100
                         01000-01FFF             100

                                  Symbol Table

?_USBConfigureEndpoint                     cstackCOMMON 00070
?_USBEnableEndpoint                        cstackCOMMON 00074
?_USBTransferOnePacket                     cstackCOMMON 00070
?_USER_USB_CALLBACK_EVENT_HANDLER          cstackBANK0  00060
?_getsUSBUSART                             cstackCOMMON 00078
?_memset                                   cstackCOMMON 00070
?_process_level                            cstackCOMMON 00070
?_putUSBUSART                              cstackCOMMON 00070
?_scan_task                                cstackCOMMON 00075
?_set_clock_and_data                       cstackCOMMON 00070
?_store_key_level                          cstackCOMMON 00073
APP_DeviceCDCBasicDemoTasks@i              cstackBANK0  00063
APP_DeviceCDCBasicDemoTasks@numBytesRead   cstackBANK0  00062
APP_DeviceCDCBasicDemoTasks@scan_pitch     cstackBANK0  00060
APP_DeviceCDCBasicDemoTasks@velocity       cstackBANK0  00061
APP_LEDUpdateUSBStatus@ledCount            bssBANK2     00160
BUTTON_Enable@button                       cstackCOMMON 00070
BUTTON_IsPressed@button                    cstackCOMMON 00070
CDCTxService@byte_to_send                  cstackCOMMON 0007B
CDCTxService@i                             cstackCOMMON 0007A
LED_Enable@led                             cstackCOMMON 00070
LED_Off@led                                cstackCOMMON 00070
LED_On@led                                 cstackCOMMON 00070
SYSTEM_Initialize@state                    cstackCOMMON 00071
USBConfigureEndpoint@EPNum                 cstackCOMMON 00072
USBConfigureEndpoint@direction             cstackCOMMON 00070
USBConfigureEndpoint@handle                cstackCOMMON 00073
USBCtrlEPService@setup_cnt                 cstackBANK0  0006C
USBCtrlTrfInHandler@lastDTS                cstackCOMMON 00073
USBCtrlTrfRxService@byteToRead             cstackCOMMON 00075
USBCtrlTrfRxService@i                      cstackCOMMON 00074
USBCtrlTrfTxService@byteToSend             cstackCOMMON 00070
USBDeviceInit@i                            cstackCOMMON 00075
USBDeviceInit@i_1507                       cstackCOMMON 00074
USBDeviceInit@p                            cstackCOMMON 00072
USBDeviceTasks@i                           cstackBANK3  001E1
USBEnableEndpoint@ep                       cstackCOMMON 00079
USBEnableEndpoint@options                  cstackCOMMON 00074
USBEnableEndpoint@p                        cstackCOMMON 00077
USBStdFeatureReqHandler@current_ep_data    cstackBANK0  00068
USBStdFeatureReqHandler@p                  cstackBANK0  00069
USBStdFeatureReqHandler@pUEP               cstackBANK0  00066
USBStdGetStatusHandler@p                   cstackCOMMON 00070
USBStdSetCfgHandler@i                      cstackCOMMON 0007D
USBStdSetCfgHandler@i_1837                 cstackCOMMON 0007C
USBStdSetCfgHandler@p                      cstackCOMMON 0007A
USBTransferOnePacket@data                  cstackCOMMON 00071
USBTransferOnePacket@dir                   cstackCOMMON 00070
USBTransferOnePacket@ep                    cstackCOMMON 00076
USBTransferOnePacket@handle                cstackCOMMON 00077
USBTransferOnePacket@len                   cstackCOMMON 00073
USER_USB_CALLBACK_EVENT_HANDLER@event      cstackBANK0  00060
_ACTCON                                    (abs)        0039B
_ADCON0bits                                (abs)        0009D
_ADCON1bits                                (abs)        0009E
_ADCON2bits                                (abs)        0009F
_ADRESH                                    (abs)        0009C
_ANSELA                                    (abs)        0018C
_ANSELAbits                                (abs)        0018C
_ANSELCbits                                (abs)        0018E
_APP_DeviceCDCBasicDemoInitialize          cinit        00577
_APP_DeviceCDCBasicDemoTasks               cinit        0005A
_APP_LEDUpdateUSBStatus                    cinit        00787
_BDT                                       (abs)        00020
_BUTTON_Enable                             cinit        0077E
_BUTTON_IsPressed                          cinit        00220
_BothEP0OutUOWNsSet                        bssBANK3     001B7
_CDCDataInHandle                           bssBANK2     00162
_CDCDataOutHandle                          bssBANK1     000E3
_CDCInitEP                                 cinit        00586
_CDCTxService                              cinit        005F3
_CDCTxService$2406                         cstackCOMMON 00078
_CtrlTrfData                               (abs)        00058
_INTCONbits                                (abs)        0000B
_LATCbits                                  (abs)        0010E
_LED_Enable                                cinit        00770
_LED_Off                                   cinit        007C9
_LED_On                                    cinit        007D7
_OPTION_REGbits                            (abs)        00095
_OSCCON                                    (abs)        00099
_PIE1bits                                  (abs)        00091
_PIE2bits                                  (abs)        00092
_PIR2bits                                  (abs)        00012
_PORTAbits                                 (abs)        0000C
_RemoteWakeup                              bssBANK3     001B8
_SYSTEM_Initialize                         cinit        002A5
_SYS_InterruptHigh                         intentry     00004
_SetupPkt                                  (abs)        00050
_TMR0                                      (abs)        00015
_TRISAbits                                 (abs)        0008C
_TRISCbits                                 (abs)        0008E
_UADDR                                     (abs)        00E96
_UCFG                                      (abs)        00E91
_UCON                                      (abs)        00E8E
_UCONbits                                  (abs)        00E8E
_UEIE                                      (abs)        00E97
_UEIR                                      (abs)        00E93
_UEP0                                      (abs)        00E98
_UEP0bits                                  (abs)        00E98
_UEP1                                      (abs)        00E99
_UIE                                       (abs)        00E92
_UIEbits                                   (abs)        00E92
_UIR                                       (abs)        00E90
_UIRbits                                   (abs)        00E90
_USBActiveConfiguration                    bssBANK2     0016F
_USBAlternateInterface                     bssBANK3     001CD
_USBBusIsSuspended                         bssBANK3     001B9
_USBCheckCDCRequest                        text22       00B42
_USBCheckStdRequest                        cinit        0043E
_USBConfigureEndpoint                      cinit        005CA
_USBCtrlEPAllowDataStage                   text3        00F67
_USBCtrlEPAllowStatusStage                 cinit        006D2
_USBCtrlEPService                          cinit        0071F
_USBCtrlEPServiceComplete                  text3        00F03
_USBCtrlTrfInHandler                       text3        00EA5
_USBCtrlTrfOutHandler                      text4        009C6
_USBCtrlTrfRxService                       text4        009EB
_USBCtrlTrfSetupHandler                    cinit        0040E
_USBCtrlTrfTxService                       text3        00FAE
_USBDeferINDataStagePackets                bssBANK2     00163
_USBDeferOUTDataStagePackets               bssBANK2     00164
_USBDeferStatusStagePacket                 bssBANK1     000E4
_USBDeviceInit                             cinit        002BC
_USBDeviceState                            bssBANK1     000E5
_USBDeviceTasks                            cinit        00335
_USBEnableEndpoint                         cinit        005AB
_USBIncrement1msInternalTimers             cinit        006AD
_USBStallHandler                           cinit        006B5
_USBStatusStageEnabledFlag1                bssBANK2     00165
_USBStatusStageEnabledFlag2                bssBANK2     00166
_USBStatusStageTimeoutCounter              bssBANK2     00167
_USBStdFeatureReqHandler                   cinit        0047E
_USBStdGetDscHandler                       text10       00ADF
_USBStdGetStatusHandler                    text9        00BD0
_USBStdSetCfgHandler                       text11       00A67
_USBSuspend                                cinit        003E7
_USBTicksSinceSuspendEnd                   bssBANK3     001BA
_USBTransferOnePacket                      cinit        0066F
_USBWakeFromSuspend                        cinit        003F7
_USB_CD_Ptr                                strings      00904
_USB_SD_Ptr                                strings      00901
_USER_USB_CALLBACK_EVENT_HANDLER           cinit        00558
_USTAT                                     (abs)        00E8F
_USTATcopy                                 bssBANK1     000EF
__CFG_BOREN$ON                             (abs)        00000
__CFG_BORV$LO                              (abs)        00000
__CFG_CLKOUTEN$OFF                         (abs)        00000
__CFG_CP$OFF                               (abs)        00000
__CFG_CPUDIV$NOCLKDIV                      (abs)        00000
__CFG_FCMEN$OFF                            (abs)        00000
__CFG_FOSC$INTOSC                          (abs)        00000
__CFG_IESO$OFF                             (abs)        00000
__CFG_LPBOR$OFF                            (abs)        00000
__CFG_LVP$OFF                              (abs)        00000
__CFG_MCLRE$OFF                            (abs)        00000
__CFG_PLLEN$ENABLED                        (abs)        00000
__CFG_PLLMULT$3x                           (abs)        00000
__CFG_PWRTE$OFF                            (abs)        00000
__CFG_STVREN$ON                            (abs)        00000
__CFG_USBLSCLK$48MHz                       (abs)        00000
__CFG_WDTE$OFF                             (abs)        00000
__CFG_WRT$OFF                              (abs)        00000
__Habs1                                    abs1         00000
__Hbank0                                   bank0        00000
__Hbank1                                   bank1        00000
__Hbank10                                  bank10       00000
__Hbank11                                  bank11       00000
__Hbank12                                  bank12       00000
__Hbank13                                  bank13       00000
__Hbank14                                  bank14       00000
__Hbank15                                  bank15       00000
__Hbank16                                  bank16       00000
__Hbank17                                  bank17       00000
__Hbank18                                  bank18       00000
__Hbank19                                  bank19       00000
__Hbank2                                   bank2        00000
__Hbank20                                  bank20       00000
__Hbank21                                  bank21       00000
__Hbank22                                  bank22       00000
__Hbank23                                  bank23       00000
__Hbank24                                  bank24       00000
__Hbank25                                  bank25       00000
__Hbank26                                  bank26       00000
__Hbank27                                  bank27       00000
__Hbank28                                  bank28       00000
__Hbank29                                  bank29       00000
__Hbank3                                   bank3        00000
__Hbank30                                  bank30       00000
__Hbank31                                  bank31       00000
__Hbank4                                   bank4        00000
__Hbank5                                   bank5        00000
__Hbank6                                   bank6        00000
__Hbank7                                   bank7        00000
__Hbank8                                   bank8        00000
__Hbank9                                   bank9        00000
__Hbigram                                  bigram       00000
__HbssBANK0                                bssBANK0     00000
__HbssBANK1                                bssBANK1     00000
__HbssBANK2                                bssBANK2     00000
__HbssBANK3                                bssBANK3     00000
__HbssBANK4                                bssBANK4     00000
__HbssBANK5                                bssBANK5     00000
__HbssBANK6                                bssBANK6     00000
__Hcinit                                   cinit        00000
__Hclrtext                                 clrtext      00000
__Hcode                                    code         00000
__Hcommon                                  common       00000
__Hconfig                                  config       08009
__HcstackBANK0                             cstackBANK0  00000
__HcstackBANK3                             cstackBANK3  00000
__HcstackCOMMON                            cstackCOMMON 00000
__HdataBANK3                               dataBANK3    00000
__Heeprom_data                             eeprom_data  00000
__Hend_init                                end_init     00008
__Hfunctab                                 functab      00000
__HidataBANK3                              idataBANK3   00000
__Hidloc                                   idloc        00000
__Hinit                                    init         00006
__Hinittext                                inittext     00000
__Hintentry                                intentry     00006
__Hmaintext                                maintext     00000
__Hpa_nodes                                pa_nodes     00000
__Hpowerup                                 powerup      00000
__Hram                                     ram          00000
__Hreset_vec                               reset_vec    00002
__Hsfr0                                    sfr0         00000
__Hsfr1                                    sfr1         00000
__Hsfr10                                   sfr10        00000
__Hsfr11                                   sfr11        00000
__Hsfr12                                   sfr12        00000
__Hsfr13                                   sfr13        00000
__Hsfr14                                   sfr14        00000
__Hsfr15                                   sfr15        00000
__Hsfr16                                   sfr16        00000
__Hsfr17                                   sfr17        00000
__Hsfr18                                   sfr18        00000
__Hsfr19                                   sfr19        00000
__Hsfr2                                    sfr2         00000
__Hsfr20                                   sfr20        00000
__Hsfr21                                   sfr21        00000
__Hsfr22                                   sfr22        00000
__Hsfr23                                   sfr23        00000
__Hsfr24                                   sfr24        00000
__Hsfr25                                   sfr25        00000
__Hsfr26                                   sfr26        00000
__Hsfr27                                   sfr27        00000
__Hsfr28                                   sfr28        00000
__Hsfr29                                   sfr29        00000
__Hsfr3                                    sfr3         00000
__Hsfr30                                   sfr30        00000
__Hsfr31                                   sfr31        00000
__Hsfr4                                    sfr4         00000
__Hsfr5                                    sfr5         00000
__Hsfr6                                    sfr6         00000
__Hsfr7                                    sfr7         00000
__Hsfr8                                    sfr8         00000
__Hsfr9                                    sfr9         00000
__Hstrings                                 strings      00000
__Htext                                    text         00000
__Labs1                                    abs1         00000
__Lbank0                                   bank0        00000
__Lbank1                                   bank1        00000
__Lbank10                                  bank10       00000
__Lbank11                                  bank11       00000
__Lbank12                                  bank12       00000
__Lbank13                                  bank13       00000
__Lbank14                                  bank14       00000
__Lbank15                                  bank15       00000
__Lbank16                                  bank16       00000
__Lbank17                                  bank17       00000
__Lbank18                                  bank18       00000
__Lbank19                                  bank19       00000
__Lbank2                                   bank2        00000
__Lbank20                                  bank20       00000
__Lbank21                                  bank21       00000
__Lbank22                                  bank22       00000
__Lbank23                                  bank23       00000
__Lbank24                                  bank24       00000
__Lbank25                                  bank25       00000
__Lbank26                                  bank26       00000
__Lbank27                                  bank27       00000
__Lbank28                                  bank28       00000
__Lbank29                                  bank29       00000
__Lbank3                                   bank3        00000
__Lbank30                                  bank30       00000
__Lbank31                                  bank31       00000
__Lbank4                                   bank4        00000
__Lbank5                                   bank5        00000
__Lbank6                                   bank6        00000
__Lbank7                                   bank7        00000
__Lbank8                                   bank8        00000
__Lbank9                                   bank9        00000
__Lbigram                                  bigram       00000
__LbssBANK0                                bssBANK0     00000
__LbssBANK1                                bssBANK1     00000
__LbssBANK2                                bssBANK2     00000
__LbssBANK3                                bssBANK3     00000
__LbssBANK4                                bssBANK4     00000
__LbssBANK5                                bssBANK5     00000
__LbssBANK6                                bssBANK6     00000
__Lcinit                                   cinit        00000
__Lclrtext                                 clrtext      00000
__Lcode                                    code         00000
__Lcommon                                  common       00000
__Lconfig                                  config       08007
__LcstackBANK0                             cstackBANK0  00000
__LcstackBANK3                             cstackBANK3  00000
__LcstackCOMMON                            cstackCOMMON 00000
__LdataBANK3                               dataBANK3    00000
__Leeprom_data                             eeprom_data  00000
__Lend_init                                end_init     00006
__Lfunctab                                 functab      00000
__LidataBANK3                              idataBANK3   00000
__Lidloc                                   idloc        00000
__Linit                                    init         00006
__Linittext                                inittext     00000
__Lintentry                                intentry     00004
__Lmaintext                                maintext     00000
__Lpa_nodes                                pa_nodes     00000
__Lpowerup                                 powerup      00000
__Lram                                     ram          00000
__Lreset_vec                               reset_vec    00000
__Lsfr0                                    sfr0         00000
__Lsfr1                                    sfr1         00000
__Lsfr10                                   sfr10        00000
__Lsfr11                                   sfr11        00000
__Lsfr12                                   sfr12        00000
__Lsfr13                                   sfr13        00000
__Lsfr14                                   sfr14        00000
__Lsfr15                                   sfr15        00000
__Lsfr16                                   sfr16        00000
__Lsfr17                                   sfr17        00000
__Lsfr18                                   sfr18        00000
__Lsfr19                                   sfr19        00000
__Lsfr2                                    sfr2         00000
__Lsfr20                                   sfr20        00000
__Lsfr21                                   sfr21        00000
__Lsfr22                                   sfr22        00000
__Lsfr23                                   sfr23        00000
__Lsfr24                                   sfr24        00000
__Lsfr25                                   sfr25        00000
__Lsfr26                                   sfr26        00000
__Lsfr27                                   sfr27        00000
__Lsfr28                                   sfr28        00000
__Lsfr29                                   sfr29        00000
__Lsfr3                                    sfr3         00000
__Lsfr30                                   sfr30        00000
__Lsfr31                                   sfr31        00000
__Lsfr4                                    sfr4         00000
__Lsfr5                                    sfr5         00000
__Lsfr6                                    sfr6         00000
__Lsfr7                                    sfr7         00000
__Lsfr8                                    sfr8         00000
__Lsfr9                                    sfr9         00000
__Lstrings                                 strings      00000
__Ltext                                    text         00000
__S0                                       (abs)        08009
__S1                                       (abs)        00360
___latbits                                 (abs)        00002
__end_of_APP_DeviceCDCBasicDemoInitialize  cinit        00586
__end_of_APP_DeviceCDCBasicDemoTasks       cinit        000C6
__end_of_APP_LEDUpdateUSBStatus            cinit        007C9
__end_of_BUTTON_Enable                     cinit        00787
__end_of_BUTTON_IsPressed                  cinit        00231
__end_of_CDCInitEP                         cinit        005AB
__end_of_CDCTxService                      cinit        0066F
__end_of_LED_Enable                        cinit        0077E
__end_of_LED_Off                           cinit        007D7
__end_of_LED_On                            cinit        007E4
__end_of_SYSTEM_Initialize                 cinit        002BC
__end_of_SYS_InterruptHigh                 intentry     00006
__end_of_USBCheckCDCRequest                text22       00B8A
__end_of_USBCheckStdRequest                cinit        0047E
__end_of_USBConfigureEndpoint              cinit        005F3
__end_of_USBCtrlEPAllowDataStage           text3        00FAE
__end_of_USBCtrlEPAllowStatusStage         cinit        0071F
__end_of_USBCtrlEPService                  cinit        00770
__end_of_USBCtrlEPServiceComplete          text3        00F67
__end_of_USBCtrlTrfInHandler               text3        00F03
__end_of_USBCtrlTrfOutHandler              text4        009EB
__end_of_USBCtrlTrfRxService               text4        00A67
__end_of_USBCtrlTrfSetupHandler            cinit        0043E
__end_of_USBCtrlTrfTxService               text3        01000
__end_of_USBDeviceInit                     cinit        00335
__end_of_USBDeviceTasks                    cinit        003E7
__end_of_USBEnableEndpoint                 cinit        005CA
__end_of_USBIncrement1msInternalTimers     cinit        006B5
__end_of_USBStallHandler                   cinit        006D2
__end_of_USBStdFeatureReqHandler           cinit        00558
__end_of_USBStdGetDscHandler               text10       00B42
__end_of_USBStdGetStatusHandler            text9        00C12
__end_of_USBStdSetCfgHandler               text11       00AC6
__end_of_USBSuspend                        cinit        003F7
__end_of_USBTransferOnePacket              cinit        006AD
__end_of_USBWakeFromSuspend                cinit        0040E
__end_of_USB_CD_Ptr                        strings      00905
__end_of_USB_SD_Ptr                        strings      00904
__end_of_USER_USB_CALLBACK_EVENT_HANDLER   cinit        00577
__end_of__initialization                   cinit        00046
__end_of__stringtab                        strings      00901
__end_of_configDescriptor1                 strings      00948
__end_of_device_dsc                        strings      009C2
__end_of_get_adc                           text44       00000
__end_of_get_data                          text48       00000
__end_of_getsUSBUSART                      cinit        00291
__end_of_is_adc_ready                      text45       00000
__end_of_is_end_of_scan                    text47       00000
__end_of_main                              cinit        0005A
__end_of_memset                            text11       00ADF
__end_of_process_level                     text43       00000
__end_of_putUSBUSART                       cinit        002A5
__end_of_putrsUSBUSART                     cinit        00253
__end_of_run_adc                           text46       00000
__end_of_scan_init                         cinit        00220
__end_of_scan_task                         cinit        00204
__end_of_sd000                             strings      009C6
__end_of_sd001                             strings      0097C
__end_of_sd002                             strings      009B0
__end_of_set_clock_and_data                text49       00000
__end_of_set_timer                         text51       00000
__end_of_store_key_level                   text42       00000
__end_of_waiting_for_timer                 text50       00000
__initialization                           cinit        00008
__pbssBANK0                                bssBANK0     0006E
__pbssBANK1                                bssBANK1     000E0
__pbssBANK2                                bssBANK2     00160
__pbssBANK3                                bssBANK3     001A0
__pbssBANK4                                bssBANK4     00220
__pbssBANK5                                bssBANK5     002A0
__pbssBANK6                                bssBANK6     00320
__pcstackBANK0                             cstackBANK0  00060
__pcstackBANK3                             cstackBANK3  001E1
__pcstackCOMMON                            cstackCOMMON 00070
__pdataBANK3                               dataBANK3    001CF
__pidataBANK3                              idataBANK3   00C12
__pintentry                                intentry     00004
__pmaintext                                cinit        00048
__pstrings                                 strings      00900
__pswtext1                                 swtext1      007E4
__pswtext2                                 swtext2      00800
__pswtext3                                 swtext3      00B8A
__pswtext4                                 swtext4      008EA
__ptext1                                   cinit        00335
__ptext10                                  text10       00ADF
__ptext11                                  text11       00A67
__ptext12                                  text11       00AC6
__ptext13                                  text3        00F03
__ptext14                                  text3        00F67
__ptext15                                  text3        00FAE
__ptext16                                  cinit        006D2
__ptext17                                  cinit        006B5
__ptext18                                  cinit        006AD
__ptext19                                  cinit        003E7
__ptext2                                   cinit        0071F
__ptext20                                  cinit        003F7
__ptext21                                  cinit        00558
__ptext22                                  text22       00B42
__ptext23                                  cinit        00787
__ptext24                                  cinit        007D7
__ptext25                                  cinit        007C9
__ptext26                                  cinit        00577
__ptext27                                  cinit        00586
__ptext28                                  cinit        005AB
__ptext29                                  cinit        005CA
__ptext3                                   text3        00EA5
__ptext30                                  cinit        002BC
__ptext31                                  cinit        002A5
__ptext32                                  cinit        0077E
__ptext33                                  cinit        00770
__ptext34                                  cinit        0005A
__ptext35                                  cinit        005F3
__ptext36                                  cinit        00291
__ptext37                                  cinit        00253
__ptext38                                  cinit        0066F
__ptext39                                  cinit        00231
__ptext4                                   text4        009C6
__ptext40                                  cinit        00220
__ptext41                                  cinit        000C6
__ptext42                                  text42       00000
__ptext43                                  text43       00000
__ptext44                                  text44       00000
__ptext45                                  text45       00000
__ptext46                                  text46       00000
__ptext47                                  text47       00000
__ptext48                                  text48       00000
__ptext49                                  text49       00000
__ptext5                                   text4        009EB
__ptext50                                  text50       00000
__ptext51                                  text51       00000
__ptext52                                  cinit        00204
__ptext6                                   cinit        0040E
__ptext7                                   cinit        0043E
__ptext8                                   cinit        0047E
__ptext9                                   text9        00BD0
__size_of_APP_DeviceCDCBasicDemoInitialize (abs)        00000
__size_of_APP_DeviceCDCBasicDemoTasks      (abs)        00000
__size_of_APP_LEDUpdateUSBStatus           (abs)        00000
__size_of_BUTTON_Enable                    (abs)        00000
__size_of_BUTTON_IsPressed                 (abs)        00000
__size_of_CDCInitEP                        (abs)        00000
__size_of_CDCTxService                     (abs)        00000
__size_of_LED_Enable                       (abs)        00000
__size_of_LED_Off                          (abs)        00000
__size_of_LED_On                           (abs)        00000
__size_of_SYSTEM_Initialize                (abs)        00000
__size_of_SYS_InterruptHigh                (abs)        00000
__size_of_USBCheckCDCRequest               (abs)        00000
__size_of_USBCheckStdRequest               (abs)        00000
__size_of_USBConfigureEndpoint             (abs)        00000
__size_of_USBCtrlEPAllowDataStage          (abs)        00000
__size_of_USBCtrlEPAllowStatusStage        (abs)        00000
__size_of_USBCtrlEPService                 (abs)        00000
__size_of_USBCtrlEPServiceComplete         (abs)        00000
__size_of_USBCtrlTrfInHandler              (abs)        00000
__size_of_USBCtrlTrfOutHandler             (abs)        00000
__size_of_USBCtrlTrfRxService              (abs)        00000
__size_of_USBCtrlTrfSetupHandler           (abs)        00000
__size_of_USBCtrlTrfTxService              (abs)        00000
__size_of_USBDeviceInit                    (abs)        00000
__size_of_USBDeviceTasks                   (abs)        00000
__size_of_USBEnableEndpoint                (abs)        00000
__size_of_USBIncrement1msInternalTimers    (abs)        00000
__size_of_USBStallHandler                  (abs)        00000
__size_of_USBStdFeatureReqHandler          (abs)        00000
__size_of_USBStdGetDscHandler              (abs)        00000
__size_of_USBStdGetStatusHandler           (abs)        00000
__size_of_USBStdSetCfgHandler              (abs)        00000
__size_of_USBSuspend                       (abs)        00000
__size_of_USBTransferOnePacket             (abs)        00000
__size_of_USBWakeFromSuspend               (abs)        00000
__size_of_USER_USB_CALLBACK_EVENT_HANDLER  (abs)        00000
__size_of_get_adc                          (abs)        00000
__size_of_get_data                         (abs)        00000
__size_of_getsUSBUSART                     (abs)        00000
__size_of_is_adc_ready                     (abs)        00000
__size_of_is_end_of_scan                   (abs)        00000
__size_of_main                             (abs)        00000
__size_of_memset                           (abs)        00000
__size_of_process_level                    (abs)        00000
__size_of_putUSBUSART                      (abs)        00000
__size_of_putrsUSBUSART                    (abs)        00000
__size_of_run_adc                          (abs)        00000
__size_of_scan_init                        (abs)        00000
__size_of_scan_task                        (abs)        00000
__size_of_set_clock_and_data               (abs)        00000
__size_of_set_timer                        (abs)        00000
__size_of_store_key_level                  (abs)        00000
__size_of_waiting_for_timer                (abs)        00000
__stringtab                                strings      00900
_adc_levels                                bssBANK6     00320
_buttonMessage                             dataBANK3    001CF
_buttonPressed                             bssBANK2     00168
_cdc_data_rx                               (abs)        00120
_cdc_data_tx                               (abs)        000A0
_cdc_mem_type                              bssBANK3     001BB
_cdc_rx_len                                bssBANK1     000E6
_cdc_trf_state                             bssBANK1     000E7
_cdc_tx_len                                bssBANK2     00169
_configDescriptor1                         strings      00905
_controlTransferState                      bssBANK1     000E8
_device_dsc                                strings      009B0
_dummy_encapsulated_cmd_response           bssBANK3     001BE
_endpoint_number                           bssBANK2     0016A
_ep_data_in                                bssBANK3     001A6
_ep_data_out                               bssBANK3     001A9
_get_adc                                   text44       00000
_get_data                                  text48       00000
_getsUSBUSART                              cinit        00253
_getsUSBUSART$2358                         cstackCOMMON 0007B
_inPipes                                   bssBANK1     000EA
_inlined$_get_adc                          (abs)        00001
_inlined$_get_data                         (abs)        00001
_inlined$_is_adc_ready                     (abs)        00001
_inlined$_is_end_of_scan                   (abs)        00001
_inlined$_process_level                    (abs)        00001
_inlined$_run_adc                          (abs)        00001
_inlined$_set_clock_and_data               (abs)        00001
_inlined$_set_timer                        (abs)        00001
_inlined$_store_key_level                  (abs)        00001
_inlined$_waiting_for_timer                (abs)        00001
_is_adc_ready                              text45       00000
_is_end_of_scan                            text47       00000
_is_initialized                            bssBANK3     001BC
_line_coding                               bssBANK3     001C6
_main                                      cinit        00048
_memset                                    text11       00AC6
_midiData                                  bssBANK3     001AF
_note_event                                bssBANK3     001B1
_outPipes                                  bssBANK3     001A0
_pBDTEntryEP0OutCurrent                    bssBANK0     0006E
_pBDTEntryEP0OutNext                       bssBANK0     0006F
_pBDTEntryIn                               bssBANK1     000E0
_pBDTEntryOut                              bssBANK3     001AC
_pCDCDst                                   bssBANK3     001B3
_pCDCSrc                                   bssBANK3     001B5
_pDst                                      bssBANK2     0016B
_process_level                             text43       00000
_putUSBUSART                               cinit        00291
_putrsUSBUSART                             cinit        00231
_readBuffer                                bssBANK4     00220
_run_adc                                   text46       00000
_scan_init                                 cinit        00204
_scan_task                                 cinit        000C6
_scan_task$737                             cstackCOMMON 00076
_scan_task$738                             cstackCOMMON 00078
_sd000                                     strings      009C2
_sd001                                     strings      00948
_sd002                                     strings      0097C
_set_clock_and_data                        text49       00000
_set_timer                                 text51       00000
_shortPacketStatus                         bssBANK2     0016C
_store_key_level                           text42       00000
_wait_timer                                bssBANK2     0016D
_waiting_for_timer                         text50       00000
_waiting_for_timer$704                     cstackCOMMON 00070
_writeBuffer                               bssBANK5     002A0
btemp                                      (abs)        0007E
clear_ram0                                 clrtext      00C24
end_of_initialization                      cinit        00046
getsUSBUSART@buffer                        cstackCOMMON 0007A
getsUSBUSART@len                           cstackCOMMON 00078
init_ram                                   inittext     00C2A
intlevel0                                  functab      00000
intlevel1                                  functab      00000
intlevel2                                  functab      00000
intlevel3                                  functab      00000
intlevel4                                  functab      00000
intlevel5                                  functab      00000
is_end_of_scan@res                         cstackCOMMON 00070
is_end_of_scan@scan_counter                bssBANK2     0016E
memset@c                                   cstackCOMMON 00072
memset@n                                   cstackCOMMON 00074
memset@p                                   cstackCOMMON 00077
memset@p1                                  cstackCOMMON 00070
process_level@idx_key                      cstackCOMMON 00072
process_level@new_level                    cstackCOMMON 00071
putUSBUSART@data                           cstackCOMMON 00071
putUSBUSART@length                         cstackCOMMON 00070
putrsUSBUSART@data                         cstackCOMMON 00071
putrsUSBUSART@len                          cstackCOMMON 00072
putrsUSBUSART@pData                        cstackCOMMON 00070
reset_vec                                  reset_vec    00000
scan_task@note                             cstackCOMMON 0007A
scan_task@state                            bssBANK3     001BD
scan_task@velocity                         cstackCOMMON 00075
set_clock_and_data@c                       cstackCOMMON 00072
set_clock_and_data@d                       cstackCOMMON 00070
start                                      init         00006
start_initialization                       cinit        00008
store_key_level@end_of_scan                cstackCOMMON 00073
store_key_level@idx_key                    bssBANK1     000E9
store_key_level@level                      cstackCOMMON 00074
wtemp0                                     (abs)        0007E


FUNCTION INFORMATION:

 *************** function _main *****************
 Defined at:
		line 52 in file "../src/main.c"
 Parameters:    Size  Location     Type
		None
 Auto vars:     Size  Location     Type
		None
 Return value:  Size  Location     Type
		None               void
 Registers used:
		wreg, fsr0l, fsr0h, fsr1l, fsr1h, fsr1l, fsr1h, status,2, status,0, btemp+1, pclath, cstack
 Tracked objects:
		On entry : 
		On exit  : 
		Unchanged: 
 Data sizes:     COMMON   BANK0   BANK1   BANK2   BANK3   BANK4   BANK5   BANK6   BANK7   BANK8   BANK9  BANK10  BANK11  BANK12
      Params:         0       0       0       0       0       0       0       0       0       0       0       0       0       0
      Locals:         0       0       0       0       0       0       0       0       0       0       0       0       0       0
      Temps:          0       0       0       0       0       0       0       0       0       0       0       0       0       0
      Totals:         0       0       0       0       0       0       0       0       0       0       0       0       0       0
Total ram usage:        0 bytes
 Hardware stack levels required when called:   11
 This function calls:
		_APP_DeviceCDCBasicDemoTasks
		_SYSTEM_Initialize
		_USBDeviceInit
		_USBDeviceTasks
 This function is called by:
		Startup code after reset
 This function uses a non-reentrant model


 *************** function _USBDeviceTasks *****************
 Defined at:
		line 497 in file "../framework/usb/usb_device.c"
 Parameters:    Size  Location     Type
		None
 Auto vars:     Size  Location     Type
  i               1    0[BANK3 ] unsigned char 
 Return value:  Size  Location     Type
		None               void
 Registers used:
		wreg, fsr0l, fsr0h, fsr1l, fsr1h, fsr1l, fsr1h, status,2, status,0, btemp+1, pclath, cstack
 Tracked objects:
		On entry : 
		On exit  : 
		Unchanged: 
 Data sizes:     COMMON   BANK0   BANK1   BANK2   BANK3   BANK4   BANK5   BANK6   BANK7   BANK8   BANK9  BANK10  BANK11  BANK12
      Params:         0       0       0       0       0       0       0       0       0       0       0       0       0       0
      Locals:         0       0       0       0       1       0       0       0       0       0       0       0       0       0
      Temps:          0       1       0       0       0       0       0       0       0       0       0       0       0       0
      Totals:         0       1       0       0       1       0       0       0       0       0       0       0       0       0
Total ram usage:        2 bytes
 Hardware stack levels used:    1
 Hardware stack levels required when called:   10
 This function calls:
		_USBDeviceInit
		_USER_USB_CALLBACK_EVENT_HANDLER
		_USBWakeFromSuspend
		_USBSuspend
		_USBIncrement1msInternalTimers
		_USBCtrlEPAllowStatusStage
		_USBStallHandler
		_USBCtrlEPService
 This function is called by:
		_main
 This function uses a non-reentrant model


 *************** function _USBCtrlEPService *****************
 Defined at:
		line 2392 in file "../framework/usb/usb_device.c"
 Parameters:    Size  Location     Type
		None
 Auto vars:     Size  Location     Type
  setup_cnt       1   12[BANK0 ] unsigned char 
 Return value:  Size  Location     Type
		None               void
 Registers used:
		wreg, fsr0l, fsr0h, fsr1l, fsr1h, fsr1l, fsr1h, status,2, status,0, btemp+1, pclath, cstack
 Tracked objects:
		On entry : 
		On exit  : 
		Unchanged: 
 Data sizes:     COMMON   BANK0   BANK1   BANK2   BANK3   BANK4   BANK5   BANK6   BANK7   BANK8   BANK9  BANK10  BANK11  BANK12
      Params:         0       0       0       0       0       0       0       0       0       0       0       0       0       0
      Locals:         0       1       0       0       0       0       0       0       0       0       0       0       0       0
      Temps:          0       2       0       0       0       0       0       0       0       0       0       0       0       0
      Totals:         0       3       0       0       0       0       0       0       0       0       0       0       0       0
Total ram usage:        3 bytes
 Hardware stack levels used:    1
 Hardware stack levels required when called:    9
 This function calls:
		_USBCtrlTrfSetupHandler
		_USBCtrlTrfOutHandler
		_USBCtrlTrfInHandler
 This function is called by:
		_USBDeviceTasks
 This function uses a non-reentrant model


 *************** function _USBCtrlTrfInHandler *****************
 Defined at:
		line 2618 in file "../framework/usb/usb_device.c"
 Parameters:    Size  Location     Type
		None
 Auto vars:     Size  Location     Type
  lastDTS         1    3[COMMON] unsigned char 
 Return value:  Size  Location     Type
		None               void
 Registers used:
		wreg, fsr0l, fsr0h, fsr1l, fsr1h, status,2, status,0, pclath, cstack
 Tracked objects:
		On entry : 
		On exit  : 
		Unchanged: 
 Data sizes:     COMMON   BANK0   BANK1   BANK2   BANK3   BANK4   BANK5   BANK6   BANK7   BANK8   BANK9  BANK10  BANK11  BANK12
      Params:         0       0       0       0       0       0       0       0       0       0       0       0       0       0
      Locals:         1       0       0       0       0       0       0       0       0       0       0       0       0       0
      Temps:          2       0       0       0       0       0       0       0       0       0       0       0       0       0
      Totals:         3       0       0       0       0       0       0       0       0       0       0       0       0       0
Total ram usage:        3 bytes
 Hardware stack levels used:    1
 Hardware stack levels required when called:    2
 This function calls:
		_USBCtrlTrfTxService
		Absolute function
 This function is called by:
		_USBCtrlEPService
 This function uses a non-reentrant model


 *************** function _USBCtrlTrfOutHandler *****************
 Defined at:
		line 2564 in file "../framework/usb/usb_device.c"
 Parameters:    Size  Location     Type
		None
 Auto vars:     Size  Location     Type
		None
 Return value:  Size  Location     Type
		None               void
 Registers used:
		wreg, fsr0l, fsr0h, fsr1l, fsr1h, status,2, status,0, pclath, cstack
 Tracked objects:
		On entry : 
		On exit  : 
		Unchanged: 
 Data sizes:     COMMON   BANK0   BANK1   BANK2   BANK3   BANK4   BANK5   BANK6   BANK7   BANK8   BANK9  BANK10  BANK11  BANK12
      Params:         0       0       0       0       0       0       0       0       0       0       0       0       0       0
      Locals:         0       0       0       0       0       0       0       0       0       0       0       0       0       0
      Temps:          2       0       0       0       0       0       0       0       0       0       0       0       0       0
      Totals:         2       0       0       0       0       0       0       0       0       0       0       0       0       0
Total ram usage:        2 bytes
 Hardware stack levels used:    1
 Hardware stack levels required when called:    3
 This function calls:
		_USBCtrlTrfRxService
 This function is called by:
		_USBCtrlEPService
 This function uses a non-reentrant model


 *************** function _USBCtrlTrfRxService *****************
 Defined at:
		line 1872 in file "../framework/usb/usb_device.c"
 Parameters:    Size  Location     Type
		None
 Auto vars:     Size  Location     Type
  byteToRead      1    5[COMMON] unsigned char 
  i               1    4[COMMON] unsigned char 
 Return value:  Size  Location     Type
		None               void
 Registers used:
		wreg, fsr0l, fsr0h, fsr1l, fsr1h, status,2, status,0, pclath, cstack
 Tracked objects:
		On entry : 
		On exit  : 
		Unchanged: 
 Data sizes:     COMMON   BANK0   BANK1   BANK2   BANK3   BANK4   BANK5   BANK6   BANK7   BANK8   BANK9  BANK10  BANK11  BANK12
      Params:         0       0       0       0       0       0       0       0       0       0       0       0       0       0
      Locals:         2       0       0       0       0       0       0       0       0       0       0       0       0       0
      Temps:          2       0       0       0       0       0       0       0       0       0       0       0       0       0
      Totals:         4       0       0       0       0       0       0       0       0       0       0       0       0       0
Total ram usage:        4 bytes
 Hardware stack levels used:    1
 Hardware stack levels required when called:    2
 This function calls:
		_USBCtrlEPAllowStatusStage
		Absolute function
 This function is called by:
		_USBCtrlTrfOutHandler
 This function uses a non-reentrant model


 *************** function _USBCtrlTrfSetupHandler *****************
 Defined at:
		line 2492 in file "../framework/usb/usb_device.c"
 Parameters:    Size  Location     Type
		None
 Auto vars:     Size  Location     Type
		None
 Return value:  Size  Location     Type
		None               void
 Registers used:
		wreg, fsr0l, fsr0h, fsr1l, fsr1h, fsr1l, fsr1h, status,2, status,0, btemp+1, pclath, cstack
 Tracked objects:
		On entry : 
		On exit  : 
		Unchanged: 
 Data sizes:     COMMON   BANK0   BANK1   BANK2   BANK3   BANK4   BANK5   BANK6   BANK7   BANK8   BANK9  BANK10  BANK11  BANK12
      Params:         0       0       0       0       0       0       0       0       0       0       0       0       0       0
      Locals:         0       0       0       0       0       0       0       0       0       0       0       0       0       0
      Temps:          0       0       0       0       0       0       0       0       0       0       0       0       0       0
      Totals:         0       0       0       0       0       0       0       0       0       0       0       0       0       0
Total ram usage:        0 bytes
 Hardware stack levels used:    1
 Hardware stack levels required when called:    8
 This function calls:
		_USER_USB_CALLBACK_EVENT_HANDLER
		_USBCtrlEPServiceComplete
		_USBCheckStdRequest
 This function is called by:
		_USBCtrlEPService
 This function uses a non-reentrant model


 *************** function _USBCheckStdRequest *****************
 Defined at:
		line 2712 in file "../framework/usb/usb_device.c"
 Parameters:    Size  Location     Type
		None
 Auto vars:     Size  Location     Type
		None
 Return value:  Size  Location     Type
		None               void
 Registers used:
		wreg, fsr0l, fsr0h, fsr1l, fsr1h, fsr1l, fsr1h, status,2, status,0, btemp+1, pclath, cstack
 Tracked objects:
		On entry : 
		On exit  : 
		Unchanged: 
 Data sizes:     COMMON   BANK0   BANK1   BANK2   BANK3   BANK4   BANK5   BANK6   BANK7   BANK8   BANK9  BANK10  BANK11  BANK12
      Params:         0       0       0       0       0       0       0       0       0       0       0       0       0       0
      Locals:         0       0       0       0       0       0       0       0       0       0       0       0       0       0
      Temps:          0       0       0       0       0       0       0       0       0       0       0       0       0       0
      Totals:         0       0       0       0       0       0       0       0       0       0       0       0       0       0
Total ram usage:        0 bytes
 Hardware stack levels used:    1
 Hardware stack levels required when called:    7
 This function calls:
		_USER_USB_CALLBACK_EVENT_HANDLER
		_USBStdSetCfgHandler
		_USBStdGetDscHandler
		_USBStdGetStatusHandler
		_USBStdFeatureReqHandler
 This function is called by:
		_USBCtrlTrfSetupHandler
 This function uses a non-reentrant model


 *************** function _USBStdFeatureReqHandler *****************
 Defined at:
		line 2780 in file "../framework/usb/usb_device.c"
 Parameters:    Size  Location     Type
		None
 Auto vars:     Size  Location     Type
  pUEP            2    6[BANK0 ] PTR unsigned char 
		 -> UEP0(1), 
  p               1    9[BANK0 ] PTR struct __BDT
		 -> NULL(0), BDT(48), 
  current_ep_d    1    8[BANK0 ] struct .
 Return value:  Size  Location     Type
		None               void
 Registers used:
		wreg, fsr0l, fsr0h, fsr1l, fsr1h, fsr1l, fsr1h, status,2, status,0, btemp+1, pclath, cstack
 Tracked objects:
		On entry : 
		On exit  : 
		Unchanged: 
 Data sizes:     COMMON   BANK0   BANK1   BANK2   BANK3   BANK4   BANK5   BANK6   BANK7   BANK8   BANK9  BANK10  BANK11  BANK12
      Params:         0       0       0       0       0       0       0       0       0       0       0       0       0       0
      Locals:         0       4       0       0       0       0       0       0       0       0       0       0       0       0
      Temps:          2       0       0       0       0       0       0       0       0       0       0       0       0       0
      Totals:         2       4       0       0       0       0       0       0       0       0       0       0       0       0
Total ram usage:        6 bytes
 Hardware stack levels used:    1
 Hardware stack levels required when called:    6
 This function calls:
		_USER_USB_CALLBACK_EVENT_HANDLER
 This function is called by:
		_USBCheckStdRequest
 This function uses a non-reentrant model


 *************** function _USBStdGetStatusHandler *****************
 Defined at:
		line 2149 in file "../framework/usb/usb_device.c"
 Parameters:    Size  Location     Type
		None
 Auto vars:     Size  Location     Type
  p               1    0[COMMON] PTR struct __BDT
		 -> NULL(0), BDT(48), 
 Return value:  Size  Location     Type
		None               void
 Registers used:
		wreg, fsr0l, fsr0h, fsr1l, fsr1h, status,2, status,0
 Tracked objects:
		On entry : 
		On exit  : 
		Unchanged: 
 Data sizes:     COMMON   BANK0   BANK1   BANK2   BANK3   BANK4   BANK5   BANK6   BANK7   BANK8   BANK9  BANK10  BANK11  BANK12
      Params:         0       0       0       0       0       0       0       0       0       0       0       0       0       0
      Locals:         1       0       0       0       0       0       0       0       0       0       0       0       0       0
      Temps:          0       0       0       0       0       0       0       0       0       0       0       0       0       0
      Totals:         1       0       0       0       0       0       0       0       0       0       0       0       0       0
Total ram usage:        1 bytes
 Hardware stack levels used:    1
 Hardware stack levels required when called:    1
 This function calls:
		Nothing
 This function is called by:
		_USBCheckStdRequest
 This function uses a non-reentrant model


 *************** function _USBStdGetDscHandler *****************
 Defined at:
		line 2063 in file "../framework/usb/usb_device.c"
 Parameters:    Size  Location     Type
		None
 Auto vars:     Size  Location     Type
		None
 Return value:  Size  Location     Type
		None               void
 Registers used:
		wreg, fsr0l, fsr0h, status,2, status,0, pclath
 Tracked objects:
		On entry : 
		On exit  : 
		Unchanged: 
 Data sizes:     COMMON   BANK0   BANK1   BANK2   BANK3   BANK4   BANK5   BANK6   BANK7   BANK8   BANK9  BANK10  BANK11  BANK12
      Params:         0       0       0       0       0       0       0       0       0       0       0       0       0       0
      Locals:         0       0       0       0       0       0       0       0       0       0       0       0       0       0
      Temps:          2       0       0       0       0       0       0       0       0       0       0       0       0       0
      Totals:         2       0       0       0       0       0       0       0       0       0       0       0       0       0
Total ram usage:        2 bytes
 Hardware stack levels used:    1
 Hardware stack levels required when called:    1
 This function calls:
		Nothing
 This function is called by:
		_USBCheckStdRequest
 This function uses a non-reentrant model


 *************** function _USBStdSetCfgHandler *****************
 Defined at:
		line 1988 in file "../framework/usb/usb_device.c"
 Parameters:    Size  Location     Type
		None
 Auto vars:     Size  Location     Type
  p               2   10[COMMON] PTR unsigned char 
		 -> UEP1(1), 
  i               1   12[COMMON] unsigned char 
  i               1   13[COMMON] unsigned char 
 Return value:  Size  Location     Type
		None               void
 Registers used:
		wreg, fsr0l, fsr0h, fsr1l, fsr1h, fsr1l, fsr1h, status,2, status,0, btemp+1, pclath, cstack
 Tracked objects:
		On entry : 
		On exit  : 
		Unchanged: 
 Data sizes:     COMMON   BANK0   BANK1   BANK2   BANK3   BANK4   BANK5   BANK6   BANK7   BANK8   BANK9  BANK10  BANK11  BANK12
      Params:         0       0       0       0       0       0       0       0       0       0       0       0       0       0
      Locals:         4       0       0       0       0       0       0       0       0       0       0       0       0       0
      Temps:          0       0       0       0       0       0       0       0       0       0       0       0       0       0
      Totals:         4       0       0       0       0       0       0       0       0       0       0       0       0       0
Total ram usage:        4 bytes
 Hardware stack levels used:    1
 Hardware stack levels required when called:    6
 This function calls:
		_USER_USB_CALLBACK_EVENT_HANDLER
		_memset
 This function is called by:
		_USBCheckStdRequest
 This function uses a non-reentrant model


 *************** function _memset *****************
 Defined at:
		line 10 in file "C:\Program Files\Microchip\xc8\v1.20\sources\common\memset.c"
 Parameters:    Size  Location     Type
  p1              2    0[COMMON] PTR void 
		 -> USBAlternateInterface(2), BDT(48), 
  c               2    2[COMMON] int 
  n               2    4[COMMON] unsigned int 
 Auto vars:     Size  Location     Type
  p               2    7[COMMON] PTR unsigned char 
		 -> USBAlternateInterface(2), BDT(48), 
 Return value:  Size  Location     Type
                  2    wreg      PTR void 
 Registers used:
		wreg, fsr1l, fsr1h, status,2, status,0
 Tracked objects:
		On entry : 
		On exit  : 
		Unchanged: 
 Data sizes:     COMMON   BANK0   BANK1   BANK2   BANK3   BANK4   BANK5   BANK6   BANK7   BANK8   BANK9  BANK10  BANK11  BANK12
      Params:         6       0       0       0       0       0       0       0       0       0       0       0       0       0
      Locals:         2       0       0       0       0       0       0       0       0       0       0       0       0       0
      Temps:          1       0       0       0       0       0       0       0       0       0       0       0       0       0
      Totals:         9       0       0       0       0       0       0       0       0       0       0       0       0       0
Total ram usage:        9 bytes
 Hardware stack levels used:    1
 Hardware stack levels required when called:    1
 This function calls:
		Nothing
 This function is called by:
		_USBStdSetCfgHandler
 This function uses a non-reentrant model


 *************** function _USBCtrlEPServiceComplete *****************
 Defined at:
		line 1636 in file "../framework/usb/usb_device.c"
 Parameters:    Size  Location     Type
		None
 Auto vars:     Size  Location     Type
		None
 Return value:  Size  Location     Type
		None               void
 Registers used:
		wreg, fsr0l, fsr0h, fsr1l, fsr1h, status,2, status,0, pclath, cstack
 Tracked objects:
		On entry : 
		On exit  : 
		Unchanged: 
 Data sizes:     COMMON   BANK0   BANK1   BANK2   BANK3   BANK4   BANK5   BANK6   BANK7   BANK8   BANK9  BANK10  BANK11  BANK12
      Params:         0       0       0       0       0       0       0       0       0       0       0       0       0       0
      Locals:         0       0       0       0       0       0       0       0       0       0       0       0       0       0
      Temps:          2       0       0       0       0       0       0       0       0       0       0       0       0       0
      Totals:         2       0       0       0       0       0       0       0       0       0       0       0       0       0
Total ram usage:        2 bytes
 Hardware stack levels used:    1
 Hardware stack levels required when called:    3
 This function calls:
		_USBCtrlEPAllowStatusStage
		_USBCtrlEPAllowDataStage
 This function is called by:
		_USBCtrlTrfSetupHandler
 This function uses a non-reentrant model


 *************** function _USBCtrlEPAllowDataStage *****************
 Defined at:
		line 1508 in file "../framework/usb/usb_device.c"
 Parameters:    Size  Location     Type
		None
 Auto vars:     Size  Location     Type
		None
 Return value:  Size  Location     Type
		None               void
 Registers used:
		wreg, fsr0l, fsr0h, fsr1l, fsr1h, status,2, status,0, pclath, cstack
 Tracked objects:
		On entry : 
		On exit  : 
		Unchanged: 
 Data sizes:     COMMON   BANK0   BANK1   BANK2   BANK3   BANK4   BANK5   BANK6   BANK7   BANK8   BANK9  BANK10  BANK11  BANK12
      Params:         0       0       0       0       0       0       0       0       0       0       0       0       0       0
      Locals:         0       0       0       0       0       0       0       0       0       0       0       0       0       0
      Temps:          2       0       0       0       0       0       0       0       0       0       0       0       0       0
      Totals:         2       0       0       0       0       0       0       0       0       0       0       0       0       0
Total ram usage:        2 bytes
 Hardware stack levels used:    1
 Hardware stack levels required when called:    2
 This function calls:
		_USBCtrlTrfTxService
 This function is called by:
		_USBCtrlEPServiceComplete
 This function uses a non-reentrant model


 *************** function _USBCtrlTrfTxService *****************
 Defined at:
		line 1791 in file "../framework/usb/usb_device.c"
 Parameters:    Size  Location     Type
		None
 Auto vars:     Size  Location     Type
  byteToSend      1    0[COMMON] unsigned char 
 Return value:  Size  Location     Type
		None               void
 Registers used:
		wreg, fsr0l, fsr0h, fsr1l, fsr1h, status,2, status,0, pclath
 Tracked objects:
		On entry : 
		On exit  : 
		Unchanged: 
[...]
      Totals:         6       0       0       0       0       0       0       0       0       0       0       0       0       0
Total ram usage:        6 bytes
 Hardware stack levels used:    1
 Hardware stack levels required when called:    3
 This function calls:
		_scan_init
		_set_timer
		_waiting_for_timer
		_set_clock_and_data
		_get_data
		_is_end_of_scan
		_run_adc
		_is_adc_ready
		_get_adc
		_store_key_level
 This function is called by:
		_APP_DeviceCDCBasicDemoTasks
 This function uses a non-reentrant model


 *************** function _store_key_level *****************
 Defined at:
		line 107 in file "../src/scan.c"
 Parameters:    Size  Location     Type
  level           1    wreg     unsigned char 
  end_of_scan     1    3[COMMON] unsigned char 
 Auto vars:     Size  Location     Type
  level           1    4[COMMON] unsigned char 
 Return value:  Size  Location     Type
                  1    wreg      unsigned char 
 Registers used:
		wreg, fsr1l, fsr1h, status,2, status,0, pclath, cstack
 Tracked objects:
		On entry : 
		On exit  : 
		Unchanged: 
 Data sizes:     COMMON   BANK0   BANK1   BANK2   BANK3   BANK4   BANK5   BANK6   BANK7   BANK8   BANK9  BANK10  BANK11  BANK12
      Params:         1       0       0       0       0       0       0       0       0       0       0       0       0       0
      Locals:         1       0       0       0       0       0       0       0       0       0       0       0       0       0
      Temps:          0       0       0       0       0       0       0       0       0       0       0       0       0       0
      Totals:         2       0       0       0       0       0       0       0       0       0       0       0       0       0
Total ram usage:        2 bytes
 Hardware stack levels used:    1
 Hardware stack levels required when called:    2
 This function calls:
		_process_level
 This function is called by:
		_scan_task
 This function uses a non-reentrant model


 *************** function _process_level *****************
 Defined at:
		line 100 in file "../src/scan.c"
 Parameters:    Size  Location     Type
  idx_key         1    wreg     unsigned char 
  old_level       1    0[COMMON] const unsigned char 
  new_level       1    1[COMMON] const unsigned char 
 Auto vars:     Size  Location     Type
  idx_key         1    2[COMMON] unsigned char 
 Return value:  Size  Location     Type
		None               void
 Registers used:
		wreg
 Tracked objects:
		On entry : 
		On exit  : 
		Unchanged: 
 Data sizes:     COMMON   BANK0   BANK1   BANK2   BANK3   BANK4   BANK5   BANK6   BANK7   BANK8   BANK9  BANK10  BANK11  BANK12
      Params:         2       0       0       0       0       0       0       0       0       0       0       0       0       0
      Locals:         1       0       0       0       0       0       0       0       0       0       0       0       0       0
      Temps:          0       0       0       0       0       0       0       0       0       0       0       0       0       0
      Totals:         3       0       0       0       0       0       0       0       0       0       0       0       0       0
Total ram usage:        3 bytes
 Hardware stack levels used:    1
 Hardware stack levels required when called:    1
 This function calls:
		Nothing
 This function is called by:
		_store_key_level
 This function uses a non-reentrant model


 *************** function _get_adc *****************
 Defined at:
		line 96 in file "../src/scan.c"
 Parameters:    Size  Location     Type
		None
 Auto vars:     Size  Location     Type
		None
 Return value:  Size  Location     Type
                  1    wreg      unsigned char 
 Registers used:
		wreg
 Tracked objects:
		On entry : 
		On exit  : 
		Unchanged: 
 Data sizes:     COMMON   BANK0   BANK1   BANK2   BANK3   BANK4   BANK5   BANK6   BANK7   BANK8   BANK9  BANK10  BANK11  BANK12
      Params:         0       0       0       0       0       0       0       0       0       0       0       0       0       0
      Locals:         0       0       0       0       0       0       0       0       0       0       0       0       0       0
      Temps:          0       0       0       0       0       0       0       0       0       0       0       0       0       0
      Totals:         0       0       0       0       0       0       0       0       0       0       0       0       0       0
Total ram usage:        0 bytes
 Hardware stack levels used:    1
 Hardware stack levels required when called:    1
 This function calls:
		Nothing
 This function is called by:
		_scan_task
 This function uses a non-reentrant model


 *************** function _is_adc_ready *****************
 Defined at:
		line 92 in file "../src/scan.c"
 Parameters:    Size  Location     Type
		None
 Auto vars:     Size  Location     Type
		None
 Return value:  Size  Location     Type
                  1    wreg      unsigned char 
 Registers used:
		wreg
 Tracked objects:
		On entry : 
		On exit  : 
		Unchanged: 
 Data sizes:     COMMON   BANK0   BANK1   BANK2   BANK3   BANK4   BANK5   BANK6   BANK7   BANK8   BANK9  BANK10  BANK11  BANK12
      Params:         0       0       0       0       0       0       0       0       0       0       0       0       0       0
      Locals:         0       0       0       0       0       0       0       0       0       0       0       0       0       0
      Temps:          0       0       0       0       0       0       0       0       0       0       0       0       0       0
      Totals:         0       0       0       0       0       0       0       0       0       0       0       0       0       0
Total ram usage:        0 bytes
 Hardware stack levels used:    1
 Hardware stack levels required when called:    1
 This function calls:
		Nothing
 This function is called by:
		_scan_task
 This function uses a non-reentrant model


 *************** function _run_adc *****************
 Defined at:
		line 87 in file "../src/scan.c"
 Parameters:    Size  Location     Type
		None
 Auto vars:     Size  Location     Type
		None
 Return value:  Size  Location     Type
		None               void
 Registers used:
		wreg, status,2, status,0
 Tracked objects:
		On entry : 
		On exit  : 
		Unchanged: 
 Data sizes:     COMMON   BANK0   BANK1   BANK2   BANK3   BANK4   BANK5   BANK6   BANK7   BANK8   BANK9  BANK10  BANK11  BANK12
      Params:         0       0       0       0       0       0       0       0       0       0       0       0       0       0
      Locals:         0       0       0       0       0       0       0       0       0       0       0       0       0       0
      Temps:          0       0       0       0       0       0       0       0       0       0       0       0       0       0
      Totals:         0       0       0       0       0       0       0       0       0       0       0       0       0       0
Total ram usage:        0 bytes
 Hardware stack levels used:    1
 Hardware stack levels required when called:    1
 This function calls:
		Nothing
 This function is called by:
		_scan_task
 This function uses a non-reentrant model


 *************** function _is_end_of_scan *****************
 Defined at:
		line 79 in file "../src/scan.c"
 Parameters:    Size  Location     Type
		None
 Auto vars:     Size  Location     Type
  res             1    0[COMMON] unsigned char 
 Return value:  Size  Location     Type
                  1    wreg      unsigned char 
 Registers used:
		wreg, status,2, status,0
 Tracked objects:
		On entry : 
		On exit  : 
		Unchanged: 
 Data sizes:     COMMON   BANK0   BANK1   BANK2   BANK3   BANK4   BANK5   BANK6   BANK7   BANK8   BANK9  BANK10  BANK11  BANK12
      Params:         0       0       0       0       0       0       0       0       0       0       0       0       0       0
      Locals:         1       0       0       0       0       0       0       0       0       0       0       0       0       0
      Temps:          0       0       0       0       0       0       0       0       0       0       0       0       0       0
      Totals:         1       0       0       0       0       0       0       0       0       0       0       0       0       0
Total ram usage:        1 bytes
 Hardware stack levels used:    1
 Hardware stack levels required when called:    1
 This function calls:
		Nothing
 This function is called by:
		_scan_task
 This function uses a non-reentrant model


 *************** function _get_data *****************
 Defined at:
		line 75 in file "../src/scan.c"
 Parameters:    Size  Location     Type
		None
 Auto vars:     Size  Location     Type
		None
 Return value:  Size  Location     Type
                  1    wreg      unsigned char 
 Registers used:
		wreg, status,2, status,0
 Tracked objects:
		On entry : 
		On exit  : 
		Unchanged: 
 Data sizes:     COMMON   BANK0   BANK1   BANK2   BANK3   BANK4   BANK5   BANK6   BANK7   BANK8   BANK9  BANK10  BANK11  BANK12
      Params:         0       0       0       0       0       0       0       0       0       0       0       0       0       0
      Locals:         0       0       0       0       0       0       0       0       0       0       0       0       0       0
      Temps:          0       0       0       0       0       0       0       0       0       0       0       0       0       0
      Totals:         0       0       0       0       0       0       0       0       0       0       0       0       0       0
Total ram usage:        0 bytes
 Hardware stack levels used:    1
 Hardware stack levels required when called:    1
 This function calls:
		Nothing
 This function is called by:
		_scan_task
 This function uses a non-reentrant model


 *************** function _set_clock_and_data *****************
 Defined at:
		line 70 in file "../src/scan.c"
 Parameters:    Size  Location     Type
  c               1    wreg     const unsigned char 
  d               1    0[COMMON] const unsigned char 
 Auto vars:     Size  Location     Type
  c               1    2[COMMON] const unsigned char 
 Return value:  Size  Location     Type
		None               void
 Registers used:
		wreg, status,2, status,0
 Tracked objects:
		On entry : 
		On exit  : 
		Unchanged: 
 Data sizes:     COMMON   BANK0   BANK1   BANK2   BANK3   BANK4   BANK5   BANK6   BANK7   BANK8   BANK9  BANK10  BANK11  BANK12
      Params:         1       0       0       0       0       0       0       0       0       0       0       0       0       0
      Locals:         1       0       0       0       0       0       0       0       0       0       0       0       0       0
      Temps:          1       0       0       0       0       0       0       0       0       0       0       0       0       0
      Totals:         3       0       0       0       0       0       0       0       0       0       0       0       0       0
Total ram usage:        3 bytes
 Hardware stack levels used:    1
 Hardware stack levels required when called:    1
 This function calls:
		Nothing
 This function is called by:
		_scan_task
 This function uses a non-reentrant model


 *************** function _waiting_for_timer *****************
 Defined at:
		line 66 in file "../src/scan.c"
 Parameters:    Size  Location     Type
		None
 Auto vars:     Size  Location     Type
		None
 Return value:  Size  Location     Type
                  1    wreg      unsigned char 
 Registers used:
		wreg, status,2
 Tracked objects:
		On entry : 
		On exit  : 
		Unchanged: 
 Data sizes:     COMMON   BANK0   BANK1   BANK2   BANK3   BANK4   BANK5   BANK6   BANK7   BANK8   BANK9  BANK10  BANK11  BANK12
      Params:         0       0       0       0       0       0       0       0       0       0       0       0       0       0
      Locals:         1       0       0       0       0       0       0       0       0       0       0       0       0       0
      Temps:          0       0       0       0       0       0       0       0       0       0       0       0       0       0
      Totals:         1       0       0       0       0       0       0       0       0       0       0       0       0       0
Total ram usage:        1 bytes
 Hardware stack levels used:    1
 Hardware stack levels required when called:    1
 This function calls:
		Nothing
 This function is called by:
		_scan_task
 This function uses a non-reentrant model


 *************** function _set_timer *****************
 Defined at:
		line 57 in file "../src/scan.c"
 Parameters:    Size  Location     Type
		None
 Auto vars:     Size  Location     Type
		None
 Return value:  Size  Location     Type
		None               void
 Registers used:
		status,2
 Tracked objects:
		On entry : 
		On exit  : 
		Unchanged: 
 Data sizes:     COMMON   BANK0   BANK1   BANK2   BANK3   BANK4   BANK5   BANK6   BANK7   BANK8   BANK9  BANK10  BANK11  BANK12
      Params:         0       0       0       0       0       0       0       0       0       0       0       0       0       0
      Locals:         0       0       0       0       0       0       0       0       0       0       0       0       0       0
      Temps:          0       0       0       0       0       0       0       0       0       0       0       0       0       0
      Totals:         0       0       0       0       0       0       0       0       0       0       0       0       0       0
Total ram usage:        0 bytes
 Hardware stack levels used:    1
 Hardware stack levels required when called:    1
 This function calls:
		Nothing
 This function is called by:
		_scan_task
 This function uses a non-reentrant model


 *************** function _scan_init *****************
 Defined at:
		line 34 in file "../src/scan.c"
 Parameters:    Size  Location     Type
		None
 Auto vars:     Size  Location     Type
		None
 Return value:  Size  Location     Type
		None               void
 Registers used:
		wreg, status,2, status,0
 Tracked objects:
		On entry : 
		On exit  : 
		Unchanged: 
 Data sizes:     COMMON   BANK0   BANK1   BANK2   BANK3   BANK4   BANK5   BANK6   BANK7   BANK8   BANK9  BANK10  BANK11  BANK12
      Params:         0       0       0       0       0       0       0       0       0       0       0       0       0       0
      Locals:         0       0       0       0       0       0       0       0       0       0       0       0       0       0
      Temps:          0       0       0       0       0       0       0       0       0       0       0       0       0       0
      Totals:         0       0       0       0       0       0       0       0       0       0       0       0       0       0
Total ram usage:        0 bytes
 Hardware stack levels used:    1
 Hardware stack levels required when called:    1
 This function calls:
		Nothing
 This function is called by:
		_scan_task
 This function uses a non-reentrant model


 *************** function _SYS_InterruptHigh *****************
 Defined at:
		line 112 in file "../src/pic16f1459/system.c"
 Parameters:    Size  Location     Type
		None
 Auto vars:     Size  Location     Type
		None
 Return value:  Size  Location     Type
		None               void
 Registers used:
		None
 Tracked objects:
		On entry : 
		On exit  : 
		Unchanged: 
 Data sizes:     COMMON   BANK0   BANK1   BANK2   BANK3   BANK4   BANK5   BANK6   BANK7   BANK8   BANK9  BANK10  BANK11  BANK12
      Params:         0       0       0       0       0       0       0       0       0       0       0       0       0       0
      Locals:         0       0       0       0       0       0       0       0       0       0       0       0       0       0
      Temps:          0       0       0       0       0       0       0       0       0       0       0       0       0       0
      Totals:         0       0       0       0       0       0       0       0       0       0       0       0       0       0
Total ram usage:        0 bytes
 Hardware stack levels used:    1
 This function calls:
		Nothing
 This function is called by:
		Interrupt level 1
 This function uses a non-reentrant model



MODULE INFORMATION

Module		Function		Class		Link	Load	Size
../src/pic16f1459/system.c
		_SYS_InterruptH		CODE           	0004	0000	2
		_SYSTEM_Initial		CODE           	02A5	0000	23

../src/pic16f1459/system.c estimated size: 25

../framework/usb/usb_device_cdc.c
		_CDCTxService  		CODE           	05F3	0000	124
		_CDCInitEP     		CODE           	0586	0000	37
		_putUSBUSART   		CODE           	0291	0000	20
		_putrsUSBUSART 		CODE           	0231	0000	34
		_getsUSBUSART  		CODE           	0253	0000	62
		_USBCheckCDCReq		CODE           	0B42	0000	72

../framework/usb/usb_device_cdc.c estimated size: 349

../bsp/pic16f1459/leds.c
		_LED_Off       		CODE           	07C9	0000	14
		_LED_On        		CODE           	07D7	0000	13
		_LED_Enable    		CODE           	0770	0000	14

../bsp/pic16f1459/leds.c estimated size: 41

shared
		_configDescript		STRING         	0905	0000	67
		_USB_CD_Ptr    		STRING         	0904	0000	1
		_sd001         		STRING         	0948	0000	52
		__stringtab    		STRING         	0900	0000	1
		_sd002         		STRING         	097C	0000	52
		__initializatio		CODE           	0008	0000	62
		_device_dsc    		STRING         	09B0	0000	18
		_USB_SD_Ptr    		STRING         	0901	0000	3
		_sd000         		STRING         	09C2	0000	4

shared estimated size: 260

../src/app_device_cdc_basic.c
		_APP_DeviceCDCB		CODE           	005A	0000	108
		_APP_DeviceCDCB		CODE           	0577	0000	15

../src/app_device_cdc_basic.c estimated size: 123

../bsp/pic16f1459/buttons.c
		_BUTTON_IsPress		CODE           	0220	0000	17
		_BUTTON_Enable 		CODE           	077E	0000	9

../bsp/pic16f1459/buttons.c estimated size: 26

../src/scan.c
		_waiting_for_ti		CODE           	0000	0000	0
		_scan_task     		CODE           	00C6	0000	318
		_process_level 		CODE           	0000	0000	0
		_scan_init     		CODE           	0204	0000	28
		_is_end_of_scan		CODE           	0000	0000	0
		_set_clock_and_		CODE           	0000	0000	0
		_store_key_leve		CODE           	0000	0000	0
		_get_adc       		CODE           	0000	0000	0
		_set_timer     		CODE           	0000	0000	0
		_is_adc_ready  		CODE           	0000	0000	0
		_get_data      		CODE           	0000	0000	0
		_run_adc       		CODE           	0000	0000	0

../src/scan.c estimated size: 346

../framework/usb/usb_device.c
		_USBCtrlTrfInHa		CODE           	0EA5	0000	94
		_USBTransferOne		CODE           	066F	0000	62
		_USBStdGetDscHa		CODE           	0ADF	0000	99
		_USBCtrlEPAllow		CODE           	0F67	0000	71
		_USBStdFeatureR		CODE           	047E	0000	218
		_USBCtrlEPAllow		CODE           	06D2	0000	77
		_USBCtrlTrfSetu		CODE           	040E	0000	48
		_USBCtrlTrfOutH		CODE           	09C6	0000	37
		_USBCtrlEPServi		CODE           	0F03	0000	100
		_USBSuspend    		CODE           	03E7	0000	16
		_USBStdSetCfgHa		CODE           	0A67	0000	95
		_USBStdGetStatu		CODE           	0BD0	0000	66
		_USBWakeFromSus		CODE           	03F7	0000	23
		_USBCtrlTrfRxSe		CODE           	09EB	0000	124
		_USBCtrlTrfTxSe		CODE           	0FAE	0000	82
		_USBEnableEndpo		CODE           	05AB	0000	31
		_USBConfigureEn		CODE           	05CA	0000	41
		_USBDeviceInit 		CODE           	02BC	0000	121
		_USBIncrement1m		CODE           	06AD	0000	8
		_USBCtrlEPServi		CODE           	071F	0000	81
		_USBStallHandle		CODE           	06B5	0000	29
		_USBDeviceTasks		CODE           	0335	0000	178
		_USBCheckStdReq		CODE           	043E	0000	64

../framework/usb/usb_device.c estimated size: 1765

C:\Program Files\Microchip\xc8\v1.20\sources\common\memset.c
		_memset        		CODE           	0AC6	0000	25

C:\Program Files\Microchip\xc8\v1.20\sources\common\memset.c estimated size: 25

../src/app_led_usb_status.c
		_APP_LEDUpdateU		CODE           	0787	0000	66

../src/app_led_usb_status.c estimated size: 66

../src/main.c
		_main          		CODE           	0048	0000	18
		_USER_USB_CALLB		CODE           	0558	0000	31

../src/main.c estimated size: 49

